Archive member included to satisfy reference by file (symbol)

c:/st/stm32cubeide_1.4.0/stm32cubeide/plugins/com.st.stm32cube.ide.mcu.externaltools.gnu-tools-for-stm32.7-2018-q2-update.win32_1.4.0.202007081208/tools/bin/../lib/gcc/arm-none-eabi/7.3.1/../../../../arm-none-eabi/lib/thumb/v7e-m/fpv5/hard\libc_nano.a(lib_a-assert.o)
                              Core/Src/u_list.o (__assert_func)
c:/st/stm32cubeide_1.4.0/stm32cubeide/plugins/com.st.stm32cube.ide.mcu.externaltools.gnu-tools-for-stm32.7-2018-q2-update.win32_1.4.0.202007081208/tools/bin/../lib/gcc/arm-none-eabi/7.3.1/../../../../arm-none-eabi/lib/thumb/v7e-m/fpv5/hard\libc_nano.a(lib_a-errno.o)
                              Core/Src/syscalls.o (__errno)
c:/st/stm32cubeide_1.4.0/stm32cubeide/plugins/com.st.stm32cube.ide.mcu.externaltools.gnu-tools-for-stm32.7-2018-q2-update.win32_1.4.0.202007081208/tools/bin/../lib/gcc/arm-none-eabi/7.3.1/../../../../arm-none-eabi/lib/thumb/v7e-m/fpv5/hard\libc_nano.a(lib_a-exit.o)
                              c:/st/stm32cubeide_1.4.0/stm32cubeide/plugins/com.st.stm32cube.ide.mcu.externaltools.gnu-tools-for-stm32.7-2018-q2-update.win32_1.4.0.202007081208/tools/bin/../lib/gcc/arm-none-eabi/7.3.1/../../../../arm-none-eabi/lib/thumb/v7e-m/fpv5/hard/crt0.o (exit)
c:/st/stm32cubeide_1.4.0/stm32cubeide/plugins/com.st.stm32cube.ide.mcu.externaltools.gnu-tools-for-stm32.7-2018-q2-update.win32_1.4.0.202007081208/tools/bin/../lib/gcc/arm-none-eabi/7.3.1/../../../../arm-none-eabi/lib/thumb/v7e-m/fpv5/hard\libc_nano.a(lib_a-fprintf.o)
                              c:/st/stm32cubeide_1.4.0/stm32cubeide/plugins/com.st.stm32cube.ide.mcu.externaltools.gnu-tools-for-stm32.7-2018-q2-update.win32_1.4.0.202007081208/tools/bin/../lib/gcc/arm-none-eabi/7.3.1/../../../../arm-none-eabi/lib/thumb/v7e-m/fpv5/hard\libc_nano.a(lib_a-assert.o) (fiprintf)
c:/st/stm32cubeide_1.4.0/stm32cubeide/plugins/com.st.stm32cube.ide.mcu.externaltools.gnu-tools-for-stm32.7-2018-q2-update.win32_1.4.0.202007081208/tools/bin/../lib/gcc/arm-none-eabi/7.3.1/../../../../arm-none-eabi/lib/thumb/v7e-m/fpv5/hard\libc_nano.a(lib_a-impure.o)
                              c:/st/stm32cubeide_1.4.0/stm32cubeide/plugins/com.st.stm32cube.ide.mcu.externaltools.gnu-tools-for-stm32.7-2018-q2-update.win32_1.4.0.202007081208/tools/bin/../lib/gcc/arm-none-eabi/7.3.1/../../../../arm-none-eabi/lib/thumb/v7e-m/fpv5/hard\libc_nano.a(lib_a-exit.o) (_global_impure_ptr)
c:/st/stm32cubeide_1.4.0/stm32cubeide/plugins/com.st.stm32cube.ide.mcu.externaltools.gnu-tools-for-stm32.7-2018-q2-update.win32_1.4.0.202007081208/tools/bin/../lib/gcc/arm-none-eabi/7.3.1/../../../../arm-none-eabi/lib/thumb/v7e-m/fpv5/hard\libc_nano.a(lib_a-init.o)
                              c:/st/stm32cubeide_1.4.0/stm32cubeide/plugins/com.st.stm32cube.ide.mcu.externaltools.gnu-tools-for-stm32.7-2018-q2-update.win32_1.4.0.202007081208/tools/bin/../lib/gcc/arm-none-eabi/7.3.1/../../../../arm-none-eabi/lib/thumb/v7e-m/fpv5/hard/crt0.o (__libc_init_array)
c:/st/stm32cubeide_1.4.0/stm32cubeide/plugins/com.st.stm32cube.ide.mcu.externaltools.gnu-tools-for-stm32.7-2018-q2-update.win32_1.4.0.202007081208/tools/bin/../lib/gcc/arm-none-eabi/7.3.1/../../../../arm-none-eabi/lib/thumb/v7e-m/fpv5/hard\libc_nano.a(lib_a-malloc.o)
                              Core/Src/u_list.o (malloc)
c:/st/stm32cubeide_1.4.0/stm32cubeide/plugins/com.st.stm32cube.ide.mcu.externaltools.gnu-tools-for-stm32.7-2018-q2-update.win32_1.4.0.202007081208/tools/bin/../lib/gcc/arm-none-eabi/7.3.1/../../../../arm-none-eabi/lib/thumb/v7e-m/fpv5/hard\libc_nano.a(lib_a-memcpy-stub.o)
                              Middlewares/Third_Party/FreeRTOS/Source/CMSIS_RTOS_V2/cmsis_os2.o (memcpy)
c:/st/stm32cubeide_1.4.0/stm32cubeide/plugins/com.st.stm32cube.ide.mcu.externaltools.gnu-tools-for-stm32.7-2018-q2-update.win32_1.4.0.202007081208/tools/bin/../lib/gcc/arm-none-eabi/7.3.1/../../../../arm-none-eabi/lib/thumb/v7e-m/fpv5/hard\libc_nano.a(lib_a-memset.o)
                              c:/st/stm32cubeide_1.4.0/stm32cubeide/plugins/com.st.stm32cube.ide.mcu.externaltools.gnu-tools-for-stm32.7-2018-q2-update.win32_1.4.0.202007081208/tools/bin/../lib/gcc/arm-none-eabi/7.3.1/../../../../arm-none-eabi/lib/thumb/v7e-m/fpv5/hard/crt0.o (memset)
c:/st/stm32cubeide_1.4.0/stm32cubeide/plugins/com.st.stm32cube.ide.mcu.externaltools.gnu-tools-for-stm32.7-2018-q2-update.win32_1.4.0.202007081208/tools/bin/../lib/gcc/arm-none-eabi/7.3.1/../../../../arm-none-eabi/lib/thumb/v7e-m/fpv5/hard\libc_nano.a(lib_a-nano-freer.o)
                              c:/st/stm32cubeide_1.4.0/stm32cubeide/plugins/com.st.stm32cube.ide.mcu.externaltools.gnu-tools-for-stm32.7-2018-q2-update.win32_1.4.0.202007081208/tools/bin/../lib/gcc/arm-none-eabi/7.3.1/../../../../arm-none-eabi/lib/thumb/v7e-m/fpv5/hard\libc_nano.a(lib_a-malloc.o) (_free_r)
[...]
Memory Configuration

Name             Origin             Length             Attributes
RAM              0x0000000020000000 0x0000000000080000 xrw
FLASH            0x0000000008000000 0x0000000000200000 xr
*default*        0x0000000000000000 0xffffffffffffffff

Linker script and memory map

LOAD c:/st/stm32cubeide_1.4.0/stm32cubeide/plugins/com.st.stm32cube.ide.mcu.externaltools.gnu-tools-for-stm32.7-2018-q2-update.win32_1.4.0.202007081208/tools/bin/../lib/gcc/arm-none-eabi/7.3.1/thumb/v7e-m/fpv5/hard/crti.o
LOAD c:/st/stm32cubeide_1.4.0/stm32cubeide/plugins/com.st.stm32cube.ide.mcu.externaltools.gnu-tools-for-stm32.7-2018-q2-update.win32_1.4.0.202007081208/tools/bin/../lib/gcc/arm-none-eabi/7.3.1/thumb/v7e-m/fpv5/hard/crtbegin.o
LOAD c:/st/stm32cubeide_1.4.0/stm32cubeide/plugins/com.st.stm32cube.ide.mcu.externaltools.gnu-tools-for-stm32.7-2018-q2-update.win32_1.4.0.202007081208/tools/bin/../lib/gcc/arm-none-eabi/7.3.1/../../../../arm-none-eabi/lib/thumb/v7e-m/fpv5/hard/crt0.o
LOAD Core/Src/freertos.o
LOAD Core/Src/gpio.o
LOAD Core/Src/i2c.o
LOAD Core/Src/lcd.o
LOAD Core/Src/lps22hb_reg.o
LOAD Core/Src/lsm303agr_reg.o
LOAD Core/Src/lsm6dsl_reg.o
LOAD Core/Src/main.o
LOAD Core/Src/stm32f7xx_hal_msp.o
LOAD Core/Src/stm32f7xx_hal_timebase_tim.o
LOAD Core/Src/stm32f7xx_it.o
LOAD Core/Src/syscalls.o
LOAD Core/Src/sysmem.o
LOAD Core/Src/system_stm32f7xx.o
LOAD Core/Src/u_lcd_helper.o
LOAD Core/Src/u_list.o
LOAD Core/Src/u_lps22hb_driver.o
LOAD Core/Src/u_lsm303agr_driver.o
LOAD Core/Src/u_lsm6dsl_driver.o
LOAD Core/Src/usart.o
LOAD Core/Startup/startup_stm32f767zitx.o
LOAD Drivers/STM32F7xx_HAL_Driver/Src/stm32f7xx_hal.o
LOAD Drivers/STM32F7xx_HAL_Driver/Src/stm32f7xx_hal_cortex.o
LOAD Drivers/STM32F7xx_HAL_Driver/Src/stm32f7xx_hal_dma.o
LOAD Drivers/STM32F7xx_HAL_Driver/Src/stm32f7xx_hal_dma_ex.o
LOAD Drivers/STM32F7xx_HAL_Driver/Src/stm32f7xx_hal_exti.o
LOAD Drivers/STM32F7xx_HAL_Driver/Src/stm32f7xx_hal_flash.o
LOAD Drivers/STM32F7xx_HAL_Driver/Src/stm32f7xx_hal_flash_ex.o
LOAD Drivers/STM32F7xx_HAL_Driver/Src/stm32f7xx_hal_gpio.o
LOAD Drivers/STM32F7xx_HAL_Driver/Src/stm32f7xx_hal_i2c.o
LOAD Drivers/STM32F7xx_HAL_Driver/Src/stm32f7xx_hal_i2c_ex.o
LOAD Drivers/STM32F7xx_HAL_Driver/Src/stm32f7xx_hal_pwr.o
LOAD Drivers/STM32F7xx_HAL_Driver/Src/stm32f7xx_hal_pwr_ex.o
LOAD Drivers/STM32F7xx_HAL_Driver/Src/stm32f7xx_hal_rcc.o
LOAD Drivers/STM32F7xx_HAL_Driver/Src/stm32f7xx_hal_rcc_ex.o
LOAD Drivers/STM32F7xx_HAL_Driver/Src/stm32f7xx_hal_tim.o
LOAD Drivers/STM32F7xx_HAL_Driver/Src/stm32f7xx_hal_tim_ex.o
LOAD Drivers/STM32F7xx_HAL_Driver/Src/stm32f7xx_hal_uart.o
LOAD Drivers/STM32F7xx_HAL_Driver/Src/stm32f7xx_hal_uart_ex.o
LOAD Middlewares/Third_Party/FreeRTOS/Source/CMSIS_RTOS_V2/cmsis_os2.o
LOAD Middlewares/Third_Party/FreeRTOS/Source/croutine.o
LOAD Middlewares/Third_Party/FreeRTOS/Source/event_groups.o
LOAD Middlewares/Third_Party/FreeRTOS/Source/list.o
LOAD Middlewares/Third_Party/FreeRTOS/Source/queue.o
LOAD Middlewares/Third_Party/FreeRTOS/Source/stream_buffer.o
LOAD Middlewares/Third_Party/FreeRTOS/Source/tasks.o
LOAD Middlewares/Third_Party/FreeRTOS/Source/timers.o
LOAD Middlewares/Third_Party/FreeRTOS/Source/portable/GCC/ARM_CM7/r0p1/port.o
LOAD Middlewares/Third_Party/FreeRTOS/Source/portable/MemMang/heap_4.o
START GROUP
LOAD c:/st/stm32cubeide_1.4.0/stm32cubeide/plugins/com.st.stm32cube.ide.mcu.externaltools.gnu-tools-for-stm32.7-2018-q2-update.win32_1.4.0.202007081208/tools/bin/../lib/gcc/arm-none-eabi/7.3.1/../../../../arm-none-eabi/lib/thumb/v7e-m/fpv5/hard\libc_nano.a
LOAD c:/st/stm32cubeide_1.4.0/stm32cubeide/plugins/com.st.stm32cube.ide.mcu.externaltools.gnu-tools-for-stm32.7-2018-q2-update.win32_1.4.0.202007081208/tools/bin/../lib/gcc/arm-none-eabi/7.3.1/../../../../arm-none-eabi/lib/thumb/v7e-m/fpv5/hard\libm.a
END GROUP
START GROUP
LOAD c:/st/stm32cubeide_1.4.0/stm32cubeide/plugins/com.st.stm32cube.ide.mcu.externaltools.gnu-tools-for-stm32.7-2018-q2-update.win32_1.4.0.202007081208/tools/bin/../lib/gcc/arm-none-eabi/7.3.1/thumb/v7e-m/fpv5/hard\libgcc.a
LOAD c:/st/stm32cubeide_1.4.0/stm32cubeide/plugins/com.st.stm32cube.ide.mcu.externaltools.gnu-tools-for-stm32.7-2018-q2-update.win32_1.4.0.202007081208/tools/bin/../lib/gcc/arm-none-eabi/7.3.1/../../../../arm-none-eabi/lib/thumb/v7e-m/fpv5/hard\libc_nano.a
END GROUP
START GROUP
LOAD c:/st/stm32cubeide_1.4.0/stm32cubeide/plugins/com.st.stm32cube.ide.mcu.externaltools.gnu-tools-for-stm32.7-2018-q2-update.win32_1.4.0.202007081208/tools/bin/../lib/gcc/arm-none-eabi/7.3.1/thumb/v7e-m/fpv5/hard\libgcc.a
LOAD c:/st/stm32cubeide_1.4.0/stm32cubeide/plugins/com.st.stm32cube.ide.mcu.externaltools.gnu-tools-for-stm32.7-2018-q2-update.win32_1.4.0.202007081208/tools/bin/../lib/gcc/arm-none-eabi/7.3.1/../../../../arm-none-eabi/lib/thumb/v7e-m/fpv5/hard\libc_nano.a
LOAD c:/st/stm32cubeide_1.4.0/stm32cubeide/plugins/com.st.stm32cube.ide.mcu.externaltools.gnu-tools-for-stm32.7-2018-q2-update.win32_1.4.0.202007081208/tools/bin/../lib/gcc/arm-none-eabi/7.3.1/../../../../arm-none-eabi/lib/thumb/v7e-m/fpv5/hard\libnosys.a
END GROUP
START GROUP
LOAD c:/st/stm32cubeide_1.4.0/stm32cubeide/plugins/com.st.stm32cube.ide.mcu.externaltools.gnu-tools-for-stm32.7-2018-q2-update.win32_1.4.0.202007081208/tools/bin/../lib/gcc/arm-none-eabi/7.3.1/thumb/v7e-m/fpv5/hard\libgcc.a
LOAD c:/st/stm32cubeide_1.4.0/stm32cubeide/plugins/com.st.stm32cube.ide.mcu.externaltools.gnu-tools-for-stm32.7-2018-q2-update.win32_1.4.0.202007081208/tools/bin/../lib/gcc/arm-none-eabi/7.3.1/../../../../arm-none-eabi/lib/thumb/v7e-m/fpv5/hard\libc_nano.a
LOAD c:/st/stm32cubeide_1.4.0/stm32cubeide/plugins/com.st.stm32cube.ide.mcu.externaltools.gnu-tools-for-stm32.7-2018-q2-update.win32_1.4.0.202007081208/tools/bin/../lib/gcc/arm-none-eabi/7.3.1/../../../../arm-none-eabi/lib/thumb/v7e-m/fpv5/hard\libnosys.a
END GROUP
LOAD c:/st/stm32cubeide_1.4.0/stm32cubeide/plugins/com.st.stm32cube.ide.mcu.externaltools.gnu-tools-for-stm32.7-2018-q2-update.win32_1.4.0.202007081208/tools/bin/../lib/gcc/arm-none-eabi/7.3.1/thumb/v7e-m/fpv5/hard/crtend.o
LOAD c:/st/stm32cubeide_1.4.0/stm32cubeide/plugins/com.st.stm32cube.ide.mcu.externaltools.gnu-tools-for-stm32.7-2018-q2-update.win32_1.4.0.202007081208/tools/bin/../lib/gcc/arm-none-eabi/7.3.1/thumb/v7e-m/fpv5/hard/crtn.o
                0x0000000020080000                _estack = (ORIGIN (RAM) + LENGTH (RAM))
                0x0000000000000200                _Min_Heap_Size = 0x200
                0x0000000000000400                _Min_Stack_Size = 0x400

.isr_vector     0x0000000008000000      0x1f8
                0x0000000008000000                . = ALIGN (0x4)
 *(.isr_vector)
 .isr_vector    0x0000000008000000      0x1f8 Core/Startup/startup_stm32f767zitx.o
                0x0000000008000000                g_pfnVectors
                0x00000000080001f8                . = ALIGN (0x4)

.text           0x0000000008000200     0xc258
                0x0000000008000200                . = ALIGN (0x4)
 *(.text)
 .text          0x0000000008000200       0x40 c:/st/stm32cubeide_1.4.0/stm32cubeide/plugins/com.st.stm32cube.ide.mcu.externaltools.gnu-tools-for-stm32.7-2018-q2-update.win32_1.4.0.202007081208/tools/bin/../lib/gcc/arm-none-eabi/7.3.1/thumb/v7e-m/fpv5/hard/crtbegin.o
 .text          0x0000000008000240       0x10 c:/st/stm32cubeide_1.4.0/stm32cubeide/plugins/com.st.stm32cube.ide.mcu.externaltools.gnu-tools-for-stm32.7-2018-q2-update.win32_1.4.0.202007081208/tools/bin/../lib/gcc/arm-none-eabi/7.3.1/../../../../arm-none-eabi/lib/thumb/v7e-m/fpv5/hard\libc_nano.a(lib_a-strlen.o)
                0x0000000008000240                strlen
 .text          0x0000000008000250       0xa0 c:/st/stm32cubeide_1.4.0/stm32cubeide/plugins/com.st.stm32cube.ide.mcu.externaltools.gnu-tools-for-stm32.7-2018-q2-update.win32_1.4.0.202007081208/tools/bin/../lib/gcc/arm-none-eabi/7.3.1/../../../../arm-none-eabi/lib/thumb/v7e-m/fpv5/hard\libc_nano.a(lib_a-memchr.o)
                0x0000000008000250                memchr
 .text          0x00000000080002f0       0x30 c:/st/stm32cubeide_1.4.0/stm32cubeide/plugins/com.st.stm32cube.ide.mcu.externaltools.gnu-tools-for-stm32.7-2018-q2-update.win32_1.4.0.202007081208/tools/bin/../lib/gcc/arm-none-eabi/7.3.1/thumb/v7e-m/fpv5/hard\libgcc.a(_aeabi_uldivmod.o)
                0x00000000080002f0                __aeabi_uldivmod
 .text          0x0000000008000320      0x2cc c:/st/stm32cubeide_1.4.0/stm32cubeide/plugins/com.st.stm32cube.ide.mcu.externaltools.gnu-tools-for-stm32.7-2018-q2-update.win32_1.4.0.202007081208/tools/bin/../lib/gcc/arm-none-eabi/7.3.1/thumb/v7e-m/fpv5/hard\libgcc.a(_udivmoddi4.o)
                0x0000000008000320                __udivmoddi4
 .text          0x00000000080005ec        0x4 c:/st/stm32cubeide_1.4.0/stm32cubeide/plugins/com.st.stm32cube.ide.mcu.externaltools.gnu-tools-for-stm32.7-2018-q2-update.win32_1.4.0.202007081208/tools/bin/../lib/gcc/arm-none-eabi/7.3.1/thumb/v7e-m/fpv5/hard\libgcc.a(_dvmd_tls.o)
                0x00000000080005ec                __aeabi_idiv0
                0x00000000080005ec                __aeabi_ldiv0
 *(.text*)
 .text.H_LCD_Perform_Tx
                0x00000000080005f0       0x48 Core/Src/freertos.o
 .text.MX_FREERTOS_Init
                0x0000000008000638      0x104 Core/Src/freertos.o
                0x0000000008000638                MX_FREERTOS_Init
 .text.T_Reserved
                0x000000000800073c       0x4c Core/Src/freertos.o
                0x000000000800073c                T_Reserved
 .text.M_CalcAll
                0x0000000008000788       0xc8 Core/Src/freertos.o
                0x0000000008000788                M_CalcAll
 .text.LCD_Display
                0x0000000008000850      0x354 Core/Src/freertos.o
                0x0000000008000850                LCD_Display
 .text.LCD_Button_Readall
                0x0000000008000ba4       0x22 Core/Src/freertos.o
                0x0000000008000ba4                LCD_Button_Readall
 *fill*         0x0000000008000bc6        0x2 
 .text.XL_GetData
                0x0000000008000bc8       0x60 Core/Src/freertos.o
                0x0000000008000bc8                XL_GetData
 .text.MG_GetData
                0x0000000008000c28       0x60 Core/Src/freertos.o
                0x0000000008000c28                MG_GetData
 .text.B_GetData
                0x0000000008000c88       0x30 Core/Src/freertos.o
                0x0000000008000c88                B_GetData
 .text.XL2_GetData
                0x0000000008000cb8       0x60 Core/Src/freertos.o
                0x0000000008000cb8                XL2_GetData
 .text.G_GetData
                0x0000000008000d18       0x60 Core/Src/freertos.o
                0x0000000008000d18                G_GetData
 .text.MX_GPIO_Init
                0x0000000008000d78       0x30 Core/Src/gpio.o
                0x0000000008000d78                MX_GPIO_Init
 .text.MX_I2C1_Init
                0x0000000008000da8       0x80 Core/Src/i2c.o
                0x0000000008000da8                MX_I2C1_Init
 .text.HAL_I2C_MspInit
                0x0000000008000e28       0xa8 Core/Src/i2c.o
                0x0000000008000e28                HAL_I2C_MspInit
 .text.lcdInit  0x0000000008000ed0       0x34 Core/Src/lcd.o
                0x0000000008000ed0                lcdInit
 .text.lcdReadButtons
                0x0000000008000f04       0x4c Core/Src/lcd.o
                0x0000000008000f04                lcdReadButtons
 .text.lcdClear
                0x0000000008000f50       0x48 Core/Src/lcd.o
                0x0000000008000f50                lcdClear
 .text.lcdSetCursor
                0x0000000008000f98       0x44 Core/Src/lcd.o
                0x0000000008000f98                lcdSetCursor
 .text.lcdPrint
                0x0000000008000fdc       0xb0 Core/Src/lcd.o
                0x0000000008000fdc                lcdPrint
 .text.lps22hb_read_reg
                0x000000000800108c       0x30 Core/Src/lps22hb_reg.o
                0x000000000800108c                lps22hb_read_reg
 .text.lps22hb_write_reg
                0x00000000080010bc       0x30 Core/Src/lps22hb_reg.o
                0x00000000080010bc                lps22hb_write_reg
 .text.lps22hb_from_lsb_to_hpa
                0x00000000080010ec       0x30 Core/Src/lps22hb_reg.o
                0x00000000080010ec                lps22hb_from_lsb_to_hpa
 .text.lps22hb_low_pass_filter_mode_set
                0x000000000800111c       0x4c Core/Src/lps22hb_reg.o
                0x000000000800111c                lps22hb_low_pass_filter_mode_set
 .text.lps22hb_data_rate_set
                0x0000000008001168       0x4c Core/Src/lps22hb_reg.o
                0x0000000008001168                lps22hb_data_rate_set
 .text.lps22hb_press_data_ready_get
                0x00000000080011b4       0x32 Core/Src/lps22hb_reg.o
                0x00000000080011b4                lps22hb_press_data_ready_get
 .text.lps22hb_pressure_raw_get
                0x00000000080011e6       0x22 Core/Src/lps22hb_reg.o
                0x00000000080011e6                lps22hb_pressure_raw_get
 .text.lps22hb_device_id_get
                0x0000000008001208       0x22 Core/Src/lps22hb_reg.o
                0x0000000008001208                lps22hb_device_id_get
 .text.lps22hb_reset_set
                0x000000000800122a       0x4c Core/Src/lps22hb_reg.o
                0x000000000800122a                lps22hb_reset_set
 .text.lps22hb_reset_get
                0x0000000008001276       0x32 Core/Src/lps22hb_reg.o
                0x0000000008001276                lps22hb_reset_get
 .text.lsm303agr_read_reg
                0x00000000080012a8       0x30 Core/Src/lsm303agr_reg.o
                0x00000000080012a8                lsm303agr_read_reg
 .text.lsm303agr_write_reg
                0x00000000080012d8       0x30 Core/Src/lsm303agr_reg.o
                0x00000000080012d8                lsm303agr_write_reg
 .text.lsm303agr_from_fs_2g_hr_to_mg
                0x0000000008001308       0x38 Core/Src/lsm303agr_reg.o
                0x0000000008001308                lsm303agr_from_fs_2g_hr_to_mg
 .text.lsm303agr_from_lsb_to_mgauss
                0x0000000008001340       0x2c Core/Src/lsm303agr_reg.o
                0x0000000008001340                lsm303agr_from_lsb_to_mgauss
 .text.lsm303agr_temperature_meas_set
                0x000000000800136c       0x4c Core/Src/lsm303agr_reg.o
                0x000000000800136c                lsm303agr_temperature_meas_set
 .text.lsm303agr_xl_operating_mode_set
                0x00000000080013b8       0xb0 Core/Src/lsm303agr_reg.o
                0x00000000080013b8                lsm303agr_xl_operating_mode_set
 .text.lsm303agr_xl_data_rate_set
                0x0000000008001468       0x4c Core/Src/lsm303agr_reg.o
                0x0000000008001468                lsm303agr_xl_data_rate_set
 .text.lsm303agr_xl_full_scale_set
                0x00000000080014b4       0x4c Core/Src/lsm303agr_reg.o
                0x00000000080014b4                lsm303agr_xl_full_scale_set
 .text.lsm303agr_xl_block_data_update_set
                0x0000000008001500       0x4c Core/Src/lsm303agr_reg.o
                0x0000000008001500                lsm303agr_xl_block_data_update_set
 .text.lsm303agr_acceleration_raw_get
                0x000000000800154c       0x22 Core/Src/lsm303agr_reg.o
                0x000000000800154c                lsm303agr_acceleration_raw_get
 .text.lsm303agr_mag_operating_mode_set
                0x000000000800156e       0x4c Core/Src/lsm303agr_reg.o
                0x000000000800156e                lsm303agr_mag_operating_mode_set
 .text.lsm303agr_mag_data_rate_set
                0x00000000080015ba       0x4c Core/Src/lsm303agr_reg.o
                0x00000000080015ba                lsm303agr_mag_data_rate_set
 .text.lsm303agr_mag_offset_temp_comp_set
                0x0000000008001606       0x4c Core/Src/lsm303agr_reg.o
                0x0000000008001606                lsm303agr_mag_offset_temp_comp_set
 .text.lsm303agr_mag_set_rst_mode_set
                0x0000000008001652       0x4c Core/Src/lsm303agr_reg.o
                0x0000000008001652                lsm303agr_mag_set_rst_mode_set
 .text.lsm303agr_mag_block_data_update_set
                0x000000000800169e       0x4c Core/Src/lsm303agr_reg.o
                0x000000000800169e                lsm303agr_mag_block_data_update_set
 .text.lsm303agr_magnetic_raw_get
                0x00000000080016ea       0x22 Core/Src/lsm303agr_reg.o
                0x00000000080016ea                lsm303agr_magnetic_raw_get
 .text.lsm303agr_xl_device_id_get
                0x000000000800170c       0x22 Core/Src/lsm303agr_reg.o
                0x000000000800170c                lsm303agr_xl_device_id_get
 .text.lsm303agr_xl_status_get
                0x000000000800172e       0x22 Core/Src/lsm303agr_reg.o
                0x000000000800172e                lsm303agr_xl_status_get
 .text.lsm303agr_mag_device_id_get
                0x0000000008001750       0x22 Core/Src/lsm303agr_reg.o
                0x0000000008001750                lsm303agr_mag_device_id_get
 .text.lsm303agr_mag_reset_set
                0x0000000008001772       0x4c Core/Src/lsm303agr_reg.o
                0x0000000008001772                lsm303agr_mag_reset_set
 .text.lsm303agr_mag_reset_get
                0x00000000080017be       0x32 Core/Src/lsm303agr_reg.o
                0x00000000080017be                lsm303agr_mag_reset_get
 .text.lsm303agr_mag_status_get
                0x00000000080017f0       0x22 Core/Src/lsm303agr_reg.o
                0x00000000080017f0                lsm303agr_mag_status_get
 .text.lsm6dsl_read_reg
                0x0000000008001812       0x30 Core/Src/lsm6dsl_reg.o
                0x0000000008001812                lsm6dsl_read_reg
 .text.lsm6dsl_write_reg
                0x0000000008001842       0x30 Core/Src/lsm6dsl_reg.o
                0x0000000008001842                lsm6dsl_write_reg
 *fill*         0x0000000008001872        0x2 
 .text.lsm6dsl_from_fs2g_to_mg
                0x0000000008001874       0x30 Core/Src/lsm6dsl_reg.o
                0x0000000008001874                lsm6dsl_from_fs2g_to_mg
 .text.lsm6dsl_from_fs2000dps_to_mdps
                0x00000000080018a4       0x30 Core/Src/lsm6dsl_reg.o
                0x00000000080018a4                lsm6dsl_from_fs2000dps_to_mdps
 .text.lsm6dsl_xl_full_scale_set
                0x00000000080018d4       0x4c Core/Src/lsm6dsl_reg.o
                0x00000000080018d4                lsm6dsl_xl_full_scale_set
 .text.lsm6dsl_xl_data_rate_set
                0x0000000008001920       0x4c Core/Src/lsm6dsl_reg.o
                0x0000000008001920                lsm6dsl_xl_data_rate_set
 .text.lsm6dsl_gy_full_scale_set
                0x000000000800196c       0x4c Core/Src/lsm6dsl_reg.o
                0x000000000800196c                lsm6dsl_gy_full_scale_set
 .text.lsm6dsl_gy_data_rate_set
                0x00000000080019b8       0x4c Core/Src/lsm6dsl_reg.o
                0x00000000080019b8                lsm6dsl_gy_data_rate_set
 .text.lsm6dsl_block_data_update_set
                0x0000000008001a04       0x4c Core/Src/lsm6dsl_reg.o
                0x0000000008001a04                lsm6dsl_block_data_update_set
 .text.lsm6dsl_status_reg_get
                0x0000000008001a50       0x22 Core/Src/lsm6dsl_reg.o
                0x0000000008001a50                lsm6dsl_status_reg_get
 .text.lsm6dsl_angular_rate_raw_get
                0x0000000008001a72       0x22 Core/Src/lsm6dsl_reg.o
                0x0000000008001a72                lsm6dsl_angular_rate_raw_get
 .text.lsm6dsl_acceleration_raw_get
                0x0000000008001a94       0x22 Core/Src/lsm6dsl_reg.o
                0x0000000008001a94                lsm6dsl_acceleration_raw_get
 .text.lsm6dsl_device_id_get
                0x0000000008001ab6       0x22 Core/Src/lsm6dsl_reg.o
                0x0000000008001ab6                lsm6dsl_device_id_get
 .text.lsm6dsl_reset_set
                0x0000000008001ad8       0x4c Core/Src/lsm6dsl_reg.o
                0x0000000008001ad8                lsm6dsl_reset_set
 .text.lsm6dsl_reset_get
                0x0000000008001b24       0x32 Core/Src/lsm6dsl_reg.o
                0x0000000008001b24                lsm6dsl_reset_get
 .text.lsm6dsl_xl_filter_analog_set
                0x0000000008001b56       0x4c Core/Src/lsm6dsl_reg.o
                0x0000000008001b56                lsm6dsl_xl_filter_analog_set
 .text.lsm6dsl_xl_lp2_bandwidth_set
                0x0000000008001ba2       0x6e Core/Src/lsm6dsl_reg.o
                0x0000000008001ba2                lsm6dsl_xl_lp2_bandwidth_set
 .text.lsm6dsl_gy_band_pass_set
                0x0000000008001c10       0xdc Core/Src/lsm6dsl_reg.o
                0x0000000008001c10                lsm6dsl_gy_band_pass_set
 .text.main     0x0000000008001cec       0x40 Core/Src/main.o
                0x0000000008001cec                main
 .text.SystemClock_Config
                0x0000000008001d2c      0x128 Core/Src/main.o
                0x0000000008001d2c                SystemClock_Config
 .text.HAL_TIM_PeriodElapsedCallback
                0x0000000008001e54       0x24 Core/Src/main.o
                0x0000000008001e54                HAL_TIM_PeriodElapsedCallback
 .text.Error_Handler
                0x0000000008001e78        0xe Core/Src/main.o
                0x0000000008001e78                Error_Handler
 *fill*         0x0000000008001e86        0x2 
 .text.HAL_MspInit
                0x0000000008001e88       0x50 Core/Src/stm32f7xx_hal_msp.o
                0x0000000008001e88                HAL_MspInit
 .text.HAL_InitTick
                0x0000000008001ed8       0xac Core/Src/stm32f7xx_hal_timebase_tim.o
                0x0000000008001ed8                HAL_InitTick
 .text.NMI_Handler
                0x0000000008001f84        0xe Core/Src/stm32f7xx_it.o
                0x0000000008001f84                NMI_Handler
 .text.HardFault_Handler
                0x0000000008001f92        0x6 Core/Src/stm32f7xx_it.o
                0x0000000008001f92                HardFault_Handler
 .text.MemManage_Handler
                0x0000000008001f98        0x6 Core/Src/stm32f7xx_it.o
                0x0000000008001f98                MemManage_Handler
 .text.BusFault_Handler
                0x0000000008001f9e        0x6 Core/Src/stm32f7xx_it.o
                0x0000000008001f9e                BusFault_Handler
 .text.UsageFault_Handler
                0x0000000008001fa4        0x6 Core/Src/stm32f7xx_it.o
                0x0000000008001fa4                UsageFault_Handler
 .text.DebugMon_Handler
                0x0000000008001faa        0xe Core/Src/stm32f7xx_it.o
                0x0000000008001faa                DebugMon_Handler
 .text.TIM1_UP_TIM10_IRQHandler
                0x0000000008001fb8       0x14 Core/Src/stm32f7xx_it.o
                0x0000000008001fb8                TIM1_UP_TIM10_IRQHandler
 .text.I2C1_EV_IRQHandler
                0x0000000008001fcc       0x14 Core/Src/stm32f7xx_it.o
                0x0000000008001fcc                I2C1_EV_IRQHandler
 .text.I2C1_ER_IRQHandler
                0x0000000008001fe0       0x14 Core/Src/stm32f7xx_it.o
                0x0000000008001fe0                I2C1_ER_IRQHandler
 .text._getpid  0x0000000008001ff4       0x10 Core/Src/syscalls.o
                0x0000000008001ff4                _getpid
 .text._kill    0x0000000008002004       0x20 Core/Src/syscalls.o
                0x0000000008002004                _kill
 .text._exit    0x0000000008002024       0x14 Core/Src/syscalls.o
                0x0000000008002024                _exit
 .text._read    0x0000000008002038       0x3a Core/Src/syscalls.o
                0x0000000008002038                _read
 .text._write   0x0000000008002072       0x38 Core/Src/syscalls.o
                0x0000000008002072                _write
 .text._close   0x00000000080020aa       0x18 Core/Src/syscalls.o
                0x00000000080020aa                _close
 .text._fstat   0x00000000080020c2       0x20 Core/Src/syscalls.o
                0x00000000080020c2                _fstat
 .text._isatty  0x00000000080020e2       0x16 Core/Src/syscalls.o
                0x00000000080020e2                _isatty
 .text._lseek   0x00000000080020f8       0x1a Core/Src/syscalls.o
                0x00000000080020f8                _lseek
 *fill*         0x0000000008002112        0x2 
 .text._sbrk    0x0000000008002114       0x58 Core/Src/sysmem.o
                0x0000000008002114                _sbrk
 .text.SystemInit
                0x000000000800216c       0x2c Core/Src/system_stm32f7xx.o
                0x000000000800216c                SystemInit
 .text.H_LCD_Perform_Tx
                0x0000000008002198       0x48 Core/Src/u_lcd_helper.o
 .text.H_LCD_Round_Error
                0x00000000080021e0       0x74 Core/Src/u_lcd_helper.o
                0x00000000080021e0                H_LCD_Round_Error
 .text.H_LCD_Print
                0x0000000008002254       0x38 Core/Src/u_lcd_helper.o
                0x0000000008002254                H_LCD_Print
 .text.H_LCD_Blank
                0x000000000800228c       0x28 Core/Src/u_lcd_helper.o
                0x000000000800228c                H_LCD_Blank
 .text.H_LCD_Button_InitFSM
                0x00000000080022b4      0x11c Core/Src/u_lcd_helper.o
                0x00000000080022b4                H_LCD_Button_InitFSM
 .text.H_LCD_Button_StepFSM
                0x00000000080023d0       0x74 Core/Src/u_lcd_helper.o
                0x00000000080023d0                H_LCD_Button_StepFSM
 .text.L_New    0x0000000008002444       0x5c Core/Src/u_list.o
                0x0000000008002444                L_New
 .text.L_Insert
                0x00000000080024a0       0xd0 Core/Src/u_list.o
                0x00000000080024a0                L_Insert
 .text.L_UpdateMean
                0x0000000008002570       0x94 Core/Src/u_list.o
                0x0000000008002570                L_UpdateMean
 .text.lps22hb_platform_write
                0x0000000008002604       0x48 Core/Src/u_lps22hb_driver.o
                0x0000000008002604                lps22hb_platform_write
 .text.lps22hb_platform_read
                0x000000000800264c       0x48 Core/Src/u_lps22hb_driver.o
                0x000000000800264c                lps22hb_platform_read
 .text.D_LPS22HB_Init
                0x0000000008002694       0x80 Core/Src/u_lps22hb_driver.o
                0x0000000008002694                D_LPS22HB_Init
 .text.D_LPS22HB_Read
                0x0000000008002714       0x4c Core/Src/u_lps22hb_driver.o
                0x0000000008002714                D_LPS22HB_Read
 .text.lsm303agr_platform_write
                0x0000000008002760       0x54 Core/Src/u_lsm303agr_driver.o
                0x0000000008002760                lsm303agr_platform_write
 .text.lsm303agr_platform_read
                0x00000000080027b4       0x54 Core/Src/u_lsm303agr_driver.o
                0x00000000080027b4                lsm303agr_platform_read
 .text.D_LSM303AGR_Init
                0x0000000008002808      0x13c Core/Src/u_lsm303agr_driver.o
                0x0000000008002808                D_LSM303AGR_Init
 .text.D_LSM303AGR_XL_Read
                0x0000000008002944       0x80 Core/Src/u_lsm303agr_driver.o
                0x0000000008002944                D_LSM303AGR_XL_Read
 .text.D_LSM303AGR_MG_Read
                0x00000000080029c4       0x80 Core/Src/u_lsm303agr_driver.o
                0x00000000080029c4                D_LSM303AGR_MG_Read
 .text.lsm6dsl_platform_write
                0x0000000008002a44       0x48 Core/Src/u_lsm6dsl_driver.o
                0x0000000008002a44                lsm6dsl_platform_write
 .text.lsm6dsl_platform_read
                0x0000000008002a8c       0x48 Core/Src/u_lsm6dsl_driver.o
                0x0000000008002a8c                lsm6dsl_platform_read
 .text.D_LSM6DSL_Init
                0x0000000008002ad4      0x100 Core/Src/u_lsm6dsl_driver.o
                0x0000000008002ad4                D_LSM6DSL_Init
 .text.D_LSM6DSL_XL_Read
                0x0000000008002bd4       0x80 Core/Src/u_lsm6dsl_driver.o
                0x0000000008002bd4                D_LSM6DSL_XL_Read
 .text.D_LSM6DSL_G_Read
                0x0000000008002c54       0x80 Core/Src/u_lsm6dsl_driver.o
                0x0000000008002c54                D_LSM6DSL_G_Read
 .text.MX_USART3_UART_Init
                0x0000000008002cd4       0x60 Core/Src/usart.o
                0x0000000008002cd4                MX_USART3_UART_Init
 .text.HAL_UART_MspInit
                0x0000000008002d34       0x88 Core/Src/usart.o
                0x0000000008002d34                HAL_UART_MspInit
 .text.Reset_Handler
                0x0000000008002dbc       0x50 Core/Startup/startup_stm32f767zitx.o
                0x0000000008002dbc                Reset_Handler
 .text.Default_Handler
                0x0000000008002e0c        0x2 Core/Startup/startup_stm32f767zitx.o
                0x0000000008002e0c                RTC_Alarm_IRQHandler
                0x0000000008002e0c                EXTI2_IRQHandler
                0x0000000008002e0c                TIM8_CC_IRQHandler
                0x0000000008002e0c                UART8_IRQHandler
                0x0000000008002e0c                SPI4_IRQHandler
                0x0000000008002e0c                TIM1_CC_IRQHandler
                0x0000000008002e0c                DMA2_Stream5_IRQHandler
                0x0000000008002e0c                JPEG_IRQHandler
                0x0000000008002e0c                DMA1_Stream5_IRQHandler
                0x0000000008002e0c                CAN3_RX1_IRQHandler
                0x0000000008002e0c                PVD_IRQHandler
                0x0000000008002e0c                TAMP_STAMP_IRQHandler
                0x0000000008002e0c                CAN2_RX1_IRQHandler
                0x0000000008002e0c                EXTI3_IRQHandler
                0x0000000008002e0c                TIM8_TRG_COM_TIM14_IRQHandler
                0x0000000008002e0c                DFSDM1_FLT1_IRQHandler
                0x0000000008002e0c                TIM8_UP_TIM13_IRQHandler
                0x0000000008002e0c                I2C3_ER_IRQHandler
                0x0000000008002e0c                DFSDM1_FLT2_IRQHandler
                0x0000000008002e0c                EXTI0_IRQHandler
                0x0000000008002e0c                I2C2_EV_IRQHandler
                0x0000000008002e0c                DMA1_Stream2_IRQHandler
                0x0000000008002e0c                CAN1_RX0_IRQHandler
                0x0000000008002e0c                FPU_IRQHandler
                0x0000000008002e0c                OTG_HS_WKUP_IRQHandler
                0x0000000008002e0c                CAN3_SCE_IRQHandler
                0x0000000008002e0c                LTDC_ER_IRQHandler
                0x0000000008002e0c                CAN2_SCE_IRQHandler
                0x0000000008002e0c                DMA2_Stream2_IRQHandler
                0x0000000008002e0c                SPI1_IRQHandler
                0x0000000008002e0c                TIM6_DAC_IRQHandler
                0x0000000008002e0c                TIM1_BRK_TIM9_IRQHandler
                0x0000000008002e0c                DCMI_IRQHandler
                0x0000000008002e0c                CAN2_RX0_IRQHandler
                0x0000000008002e0c                DMA2_Stream3_IRQHandler
                0x0000000008002e0c                SAI2_IRQHandler
                0x0000000008002e0c                DFSDM1_FLT3_IRQHandler
                0x0000000008002e0c                USART6_IRQHandler
                0x0000000008002e0c                CAN3_RX0_IRQHandler
                0x0000000008002e0c                USART3_IRQHandler
                0x0000000008002e0c                CAN1_RX1_IRQHandler
                0x0000000008002e0c                UART5_IRQHandler
                0x0000000008002e0c                DMA2_Stream0_IRQHandler
                0x0000000008002e0c                TIM4_IRQHandler
                0x0000000008002e0c                QUADSPI_IRQHandler
                0x0000000008002e0c                DMA1_Stream6_IRQHandler
                0x0000000008002e0c                DMA1_Stream1_IRQHandler
                0x0000000008002e0c                UART4_IRQHandler
                0x0000000008002e0c                TIM3_IRQHandler
                0x0000000008002e0c                RCC_IRQHandler
                0x0000000008002e0c                TIM8_BRK_TIM12_IRQHandler
                0x0000000008002e0c                Default_Handler
                0x0000000008002e0c                CEC_IRQHandler
                0x0000000008002e0c                EXTI15_10_IRQHandler
                0x0000000008002e0c                ADC_IRQHandler
                0x0000000008002e0c                DMA1_Stream7_IRQHandler
                0x0000000008002e0c                SPI5_IRQHandler
                0x0000000008002e0c                TIM7_IRQHandler
                0x0000000008002e0c                SDMMC1_IRQHandler
                0x0000000008002e0c                CAN2_TX_IRQHandler
                0x0000000008002e0c                TIM5_IRQHandler
                0x0000000008002e0c                DMA2_Stream7_IRQHandler
                0x0000000008002e0c                I2C3_EV_IRQHandler
                0x0000000008002e0c                EXTI9_5_IRQHandler
                0x0000000008002e0c                RTC_WKUP_IRQHandler
                0x0000000008002e0c                LTDC_IRQHandler
                0x0000000008002e0c                ETH_WKUP_IRQHandler
                0x0000000008002e0c                SPDIF_RX_IRQHandler
                0x0000000008002e0c                SPI2_IRQHandler
                0x0000000008002e0c                OTG_HS_EP1_IN_IRQHandler
                0x0000000008002e0c                DMA1_Stream0_IRQHandler
                0x0000000008002e0c                CAN1_TX_IRQHandler
                0x0000000008002e0c                EXTI4_IRQHandler
                0x0000000008002e0c                RNG_IRQHandler
                0x0000000008002e0c                ETH_IRQHandler
                0x0000000008002e0c                OTG_HS_EP1_OUT_IRQHandler
                0x0000000008002e0c                WWDG_IRQHandler
                0x0000000008002e0c                SPI6_IRQHandler
                0x0000000008002e0c                MDIOS_IRQHandler
                0x0000000008002e0c                I2C4_EV_IRQHandler
                0x0000000008002e0c                CAN3_TX_IRQHandler
                0x0000000008002e0c                TIM2_IRQHandler
                0x0000000008002e0c                OTG_FS_WKUP_IRQHandler
                0x0000000008002e0c                TIM1_TRG_COM_TIM11_IRQHandler
                0x0000000008002e0c                OTG_HS_IRQHandler
                0x0000000008002e0c                DMA2D_IRQHandler
                0x0000000008002e0c                EXTI1_IRQHandler
                0x0000000008002e0c                SDMMC2_IRQHandler
                0x0000000008002e0c                UART7_IRQHandler
                0x0000000008002e0c                USART2_IRQHandler
                0x0000000008002e0c                DFSDM1_FLT0_IRQHandler
                0x0000000008002e0c                I2C2_ER_IRQHandler
                0x0000000008002e0c                DMA2_Stream1_IRQHandler
                0x0000000008002e0c                CAN1_SCE_IRQHandler
                0x0000000008002e0c                FLASH_IRQHandler
                0x0000000008002e0c                DMA2_Stream4_IRQHandler
                0x0000000008002e0c                USART1_IRQHandler
                0x0000000008002e0c                OTG_FS_IRQHandler
                0x0000000008002e0c                SPI3_IRQHandler
                0x0000000008002e0c                DMA1_Stream4_IRQHandler
                0x0000000008002e0c                FMC_IRQHandler
                0x0000000008002e0c                LPTIM1_IRQHandler
                0x0000000008002e0c                I2C4_ER_IRQHandler
                0x0000000008002e0c                DMA2_Stream6_IRQHandler
                0x0000000008002e0c                SAI1_IRQHandler
                0x0000000008002e0c                DMA1_Stream3_IRQHandler
 .text.HAL_Init
                0x0000000008002e0e       0x1a Drivers/STM32F7xx_HAL_Driver/Src/stm32f7xx_hal.o
                0x0000000008002e0e                HAL_Init
 .text.HAL_IncTick
                0x0000000008002e28       0x28 Drivers/STM32F7xx_HAL_Driver/Src/stm32f7xx_hal.o
                0x0000000008002e28                HAL_IncTick
 .text.HAL_GetTick
                0x0000000008002e50       0x18 Drivers/STM32F7xx_HAL_Driver/Src/stm32f7xx_hal.o
                0x0000000008002e50                HAL_GetTick
 .text.HAL_Delay
                0x0000000008002e68       0x44 Drivers/STM32F7xx_HAL_Driver/Src/stm32f7xx_hal.o
                0x0000000008002e68                HAL_Delay
 .text.__NVIC_SetPriorityGrouping
                0x0000000008002eac       0x48 Drivers/STM32F7xx_HAL_Driver/Src/stm32f7xx_hal_cortex.o
 .text.__NVIC_GetPriorityGrouping
                0x0000000008002ef4       0x1c Drivers/STM32F7xx_HAL_Driver/Src/stm32f7xx_hal_cortex.o
 .text.__NVIC_EnableIRQ
                0x0000000008002f10       0x3c Drivers/STM32F7xx_HAL_Driver/Src/stm32f7xx_hal_cortex.o
 .text.__NVIC_SetPriority
                0x0000000008002f4c       0x54 Drivers/STM32F7xx_HAL_Driver/Src/stm32f7xx_hal_cortex.o
 .text.NVIC_EncodePriority
                0x0000000008002fa0       0x66 Drivers/STM32F7xx_HAL_Driver/Src/stm32f7xx_hal_cortex.o
 .text.HAL_NVIC_SetPriorityGrouping
                0x0000000008003006       0x16 Drivers/STM32F7xx_HAL_Driver/Src/stm32f7xx_hal_cortex.o
                0x0000000008003006                HAL_NVIC_SetPriorityGrouping
 .text.HAL_NVIC_SetPriority
                0x000000000800301c       0x38 Drivers/STM32F7xx_HAL_Driver/Src/stm32f7xx_hal_cortex.o
                0x000000000800301c                HAL_NVIC_SetPriority
 .text.HAL_NVIC_EnableIRQ
                0x0000000008003054       0x1c Drivers/STM32F7xx_HAL_Driver/Src/stm32f7xx_hal_cortex.o
                0x0000000008003054                HAL_NVIC_EnableIRQ
 .text.HAL_DMA_Abort_IT
                0x0000000008003070       0x44 Drivers/STM32F7xx_HAL_Driver/Src/stm32f7xx_hal_dma.o
                0x0000000008003070                HAL_DMA_Abort_IT
 .text.HAL_GPIO_Init
                0x00000000080030b4      0x354 Drivers/STM32F7xx_HAL_Driver/Src/stm32f7xx_hal_gpio.o
                0x00000000080030b4                HAL_GPIO_Init
 .text.HAL_I2C_Init
                0x0000000008003408      0x120 Drivers/STM32F7xx_HAL_Driver/Src/stm32f7xx_hal_i2c.o
                0x0000000008003408                HAL_I2C_Init
 .text.HAL_I2C_Master_Transmit
                0x0000000008003528      0x1e8 Drivers/STM32F7xx_HAL_Driver/Src/stm32f7xx_hal_i2c.o
                0x0000000008003528                HAL_I2C_Master_Transmit
 .text.HAL_I2C_Master_Receive
                0x0000000008003710      0x1ec Drivers/STM32F7xx_HAL_Driver/Src/stm32f7xx_hal_i2c.o
                0x0000000008003710                HAL_I2C_Master_Receive
 .text.HAL_I2C_Mem_Write
                0x00000000080038fc      0x228 Drivers/STM32F7xx_HAL_Driver/Src/stm32f7xx_hal_i2c.o
                0x00000000080038fc                HAL_I2C_Mem_Write
 .text.HAL_I2C_Mem_Read
                0x0000000008003b24      0x234 Drivers/STM32F7xx_HAL_Driver/Src/stm32f7xx_hal_i2c.o
                0x0000000008003b24                HAL_I2C_Mem_Read
 .text.HAL_I2C_EV_IRQHandler
                0x0000000008003d58       0x34 Drivers/STM32F7xx_HAL_Driver/Src/stm32f7xx_hal_i2c.o
                0x0000000008003d58                HAL_I2C_EV_IRQHandler
 .text.HAL_I2C_ER_IRQHandler
                0x0000000008003d8c       0xc2 Drivers/STM32F7xx_HAL_Driver/Src/stm32f7xx_hal_i2c.o
                0x0000000008003d8c                HAL_I2C_ER_IRQHandler
 .text.HAL_I2C_SlaveTxCpltCallback
                0x0000000008003e4e       0x14 Drivers/STM32F7xx_HAL_Driver/Src/stm32f7xx_hal_i2c.o
                0x0000000008003e4e                HAL_I2C_SlaveTxCpltCallback
 .text.HAL_I2C_SlaveRxCpltCallback
                0x0000000008003e62       0x14 Drivers/STM32F7xx_HAL_Driver/Src/stm32f7xx_hal_i2c.o
                0x0000000008003e62                HAL_I2C_SlaveRxCpltCallback
 .text.HAL_I2C_AddrCallback
                0x0000000008003e76       0x1c Drivers/STM32F7xx_HAL_Driver/Src/stm32f7xx_hal_i2c.o
                0x0000000008003e76                HAL_I2C_AddrCallback
 .text.HAL_I2C_ListenCpltCallback
                0x0000000008003e92       0x14 Drivers/STM32F7xx_HAL_Driver/Src/stm32f7xx_hal_i2c.o
                0x0000000008003e92                HAL_I2C_ListenCpltCallback
 .text.HAL_I2C_ErrorCallback
                0x0000000008003ea6       0x14 Drivers/STM32F7xx_HAL_Driver/Src/stm32f7xx_hal_i2c.o
                0x0000000008003ea6                HAL_I2C_ErrorCallback
 .text.HAL_I2C_AbortCpltCallback
                0x0000000008003eba       0x14 Drivers/STM32F7xx_HAL_Driver/Src/stm32f7xx_hal_i2c.o
                0x0000000008003eba                HAL_I2C_AbortCpltCallback
 .text.I2C_Slave_ISR_IT
                0x0000000008003ece      0x206 Drivers/STM32F7xx_HAL_Driver/Src/stm32f7xx_hal_i2c.o
 .text.I2C_RequestMemoryWrite
                0x00000000080040d4       0xa8 Drivers/STM32F7xx_HAL_Driver/Src/stm32f7xx_hal_i2c.o
 .text.I2C_RequestMemoryRead
                0x000000000800417c       0xa8 Drivers/STM32F7xx_HAL_Driver/Src/stm32f7xx_hal_i2c.o
 .text.I2C_ITAddrCplt
                0x0000000008004224      0x104 Drivers/STM32F7xx_HAL_Driver/Src/stm32f7xx_hal_i2c.o
 .text.I2C_ITSlaveSeqCplt
                0x0000000008004328       0x7a Drivers/STM32F7xx_HAL_Driver/Src/stm32f7xx_hal_i2c.o
 *fill*         0x00000000080043a2        0x2 
 .text.I2C_ITSlaveCplt
                0x00000000080043a4      0x1ac Drivers/STM32F7xx_HAL_Driver/Src/stm32f7xx_hal_i2c.o
 .text.I2C_ITListenCplt
                0x0000000008004550       0xa8 Drivers/STM32F7xx_HAL_Driver/Src/stm32f7xx_hal_i2c.o
 .text.I2C_ITError
                0x00000000080045f8      0x180 Drivers/STM32F7xx_HAL_Driver/Src/stm32f7xx_hal_i2c.o
 .text.I2C_Flush_TXDR
                0x0000000008004778       0x48 Drivers/STM32F7xx_HAL_Driver/Src/stm32f7xx_hal_i2c.o
 .text.I2C_DMAAbort
                0x00000000080047c0       0x48 Drivers/STM32F7xx_HAL_Driver/Src/stm32f7xx_hal_i2c.o
 .text.I2C_WaitOnFlagUntilTimeout
                0x0000000008004808       0x80 Drivers/STM32F7xx_HAL_Driver/Src/stm32f7xx_hal_i2c.o
 .text.I2C_WaitOnTXISFlagUntilTimeout
                0x0000000008004888       0x80 Drivers/STM32F7xx_HAL_Driver/Src/stm32f7xx_hal_i2c.o
 .text.I2C_WaitOnSTOPFlagUntilTimeout
                0x0000000008004908       0x78 Drivers/STM32F7xx_HAL_Driver/Src/stm32f7xx_hal_i2c.o
 .text.I2C_WaitOnRXNEFlagUntilTimeout
                0x0000000008004980       0xd8 Drivers/STM32F7xx_HAL_Driver/Src/stm32f7xx_hal_i2c.o
 .text.I2C_IsAcknowledgeFailed
                0x0000000008004a58       0xcc Drivers/STM32F7xx_HAL_Driver/Src/stm32f7xx_hal_i2c.o
 .text.I2C_TransferConfig
                0x0000000008004b24       0x5c Drivers/STM32F7xx_HAL_Driver/Src/stm32f7xx_hal_i2c.o
 .text.I2C_Disable_IRQ
                0x0000000008004b80       0xca Drivers/STM32F7xx_HAL_Driver/Src/stm32f7xx_hal_i2c.o
 .text.HAL_I2CEx_ConfigAnalogFilter
                0x0000000008004c4a       0x96 Drivers/STM32F7xx_HAL_Driver/Src/stm32f7xx_hal_i2c_ex.o
                0x0000000008004c4a                HAL_I2CEx_ConfigAnalogFilter
 .text.HAL_I2CEx_ConfigDigitalFilter
                0x0000000008004ce0       0x98 Drivers/STM32F7xx_HAL_Driver/Src/stm32f7xx_hal_i2c_ex.o
                0x0000000008004ce0                HAL_I2CEx_ConfigDigitalFilter
 .text.HAL_PWREx_EnableOverDrive
                0x0000000008004d78       0xa0 Drivers/STM32F7xx_HAL_Driver/Src/stm32f7xx_hal_pwr_ex.o
                0x0000000008004d78                HAL_PWREx_EnableOverDrive
 .text.HAL_RCC_OscConfig
                0x0000000008004e18      0x55c Drivers/STM32F7xx_HAL_Driver/Src/stm32f7xx_hal_rcc.o
                0x0000000008004e18                HAL_RCC_OscConfig
 .text.HAL_RCC_ClockConfig
                0x0000000008005374      0x1d8 Drivers/STM32F7xx_HAL_Driver/Src/stm32f7xx_hal_rcc.o
                0x0000000008005374                HAL_RCC_ClockConfig
 .text.HAL_RCC_GetSysClockFreq
                0x000000000800554c      0x164 Drivers/STM32F7xx_HAL_Driver/Src/stm32f7xx_hal_rcc.o
                0x000000000800554c                HAL_RCC_GetSysClockFreq
 .text.HAL_RCC_GetHCLKFreq
                0x00000000080056b0       0x18 Drivers/STM32F7xx_HAL_Driver/Src/stm32f7xx_hal_rcc.o
                0x00000000080056b0                HAL_RCC_GetHCLKFreq
 .text.HAL_RCC_GetPCLK1Freq
                0x00000000080056c8       0x28 Drivers/STM32F7xx_HAL_Driver/Src/stm32f7xx_hal_rcc.o
                0x00000000080056c8                HAL_RCC_GetPCLK1Freq
 .text.HAL_RCC_GetPCLK2Freq
                0x00000000080056f0       0x28 Drivers/STM32F7xx_HAL_Driver/Src/stm32f7xx_hal_rcc.o
                0x00000000080056f0                HAL_RCC_GetPCLK2Freq
 .text.HAL_RCC_GetClockConfig
                0x0000000008005718       0x64 Drivers/STM32F7xx_HAL_Driver/Src/stm32f7xx_hal_rcc.o
                0x0000000008005718                HAL_RCC_GetClockConfig
 .text.HAL_RCCEx_PeriphCLKConfig
                0x000000000800577c      0x84c Drivers/STM32F7xx_HAL_Driver/Src/stm32f7xx_hal_rcc_ex.o
                0x000000000800577c                HAL_RCCEx_PeriphCLKConfig
 .text.HAL_TIM_Base_Init
                0x0000000008005fc8       0x56 Drivers/STM32F7xx_HAL_Driver/Src/stm32f7xx_hal_tim.o
                0x0000000008005fc8                HAL_TIM_Base_Init
 .text.HAL_TIM_Base_MspInit
                0x000000000800601e       0x14 Drivers/STM32F7xx_HAL_Driver/Src/stm32f7xx_hal_tim.o
                0x000000000800601e                HAL_TIM_Base_MspInit
 *fill*         0x0000000008006032        0x2 
 .text.HAL_TIM_Base_Start_IT
                0x0000000008006034       0x54 Drivers/STM32F7xx_HAL_Driver/Src/stm32f7xx_hal_tim.o
                0x0000000008006034                HAL_TIM_Base_Start_IT
 .text.HAL_TIM_IRQHandler
                0x0000000008006088      0x23e Drivers/STM32F7xx_HAL_Driver/Src/stm32f7xx_hal_tim.o
                0x0000000008006088                HAL_TIM_IRQHandler
 .text.HAL_TIM_OC_DelayElapsedCallback
                0x00000000080062c6       0x14 Drivers/STM32F7xx_HAL_Driver/Src/stm32f7xx_hal_tim.o
                0x00000000080062c6                HAL_TIM_OC_DelayElapsedCallback
 .text.HAL_TIM_IC_CaptureCallback
                0x00000000080062da       0x14 Drivers/STM32F7xx_HAL_Driver/Src/stm32f7xx_hal_tim.o
                0x00000000080062da                HAL_TIM_IC_CaptureCallback
 .text.HAL_TIM_PWM_PulseFinishedCallback
                0x00000000080062ee       0x14 Drivers/STM32F7xx_HAL_Driver/Src/stm32f7xx_hal_tim.o
                0x00000000080062ee                HAL_TIM_PWM_PulseFinishedCallback
 .text.HAL_TIM_TriggerCallback
                0x0000000008006302       0x14 Drivers/STM32F7xx_HAL_Driver/Src/stm32f7xx_hal_tim.o
                0x0000000008006302                HAL_TIM_TriggerCallback
 *fill*         0x0000000008006316        0x2 
 .text.TIM_Base_SetConfig
                0x0000000008006318      0x140 Drivers/STM32F7xx_HAL_Driver/Src/stm32f7xx_hal_tim.o
                0x0000000008006318                TIM_Base_SetConfig
 .text.HAL_TIMEx_CommutCallback
                0x0000000008006458       0x14 Drivers/STM32F7xx_HAL_Driver/Src/stm32f7xx_hal_tim_ex.o
                0x0000000008006458                HAL_TIMEx_CommutCallback
 .text.HAL_TIMEx_BreakCallback
                0x000000000800646c       0x14 Drivers/STM32F7xx_HAL_Driver/Src/stm32f7xx_hal_tim_ex.o
                0x000000000800646c                HAL_TIMEx_BreakCallback
 .text.HAL_TIMEx_Break2Callback
                0x0000000008006480       0x14 Drivers/STM32F7xx_HAL_Driver/Src/stm32f7xx_hal_tim_ex.o
                0x0000000008006480                HAL_TIMEx_Break2Callback
 .text.HAL_UART_Init
                0x0000000008006494       0x9c Drivers/STM32F7xx_HAL_Driver/Src/stm32f7xx_hal_uart.o
                0x0000000008006494                HAL_UART_Init
 .text.HAL_UART_Transmit
                0x0000000008006530      0x122 Drivers/STM32F7xx_HAL_Driver/Src/stm32f7xx_hal_uart.o
                0x0000000008006530                HAL_UART_Transmit
 *fill*         0x0000000008006652        0x2 
 .text.UART_SetConfig
                0x0000000008006654      0x554 Drivers/STM32F7xx_HAL_Driver/Src/stm32f7xx_hal_uart.o
                0x0000000008006654                UART_SetConfig
 .text.UART_AdvFeatureConfig
                0x0000000008006ba8      0x144 Drivers/STM32F7xx_HAL_Driver/Src/stm32f7xx_hal_uart.o
                0x0000000008006ba8                UART_AdvFeatureConfig
 .text.UART_CheckIdleState
                0x0000000008006cec       0x8a Drivers/STM32F7xx_HAL_Driver/Src/stm32f7xx_hal_uart.o
                0x0000000008006cec                UART_CheckIdleState
 .text.UART_WaitOnFlagUntilTimeout
                0x0000000008006d76       0xf6 Drivers/STM32F7xx_HAL_Driver/Src/stm32f7xx_hal_uart.o
                0x0000000008006d76                UART_WaitOnFlagUntilTimeout
 .text.SVC_Setup
                0x0000000008006e6c        0xe Middlewares/Third_Party/FreeRTOS/Source/CMSIS_RTOS_V2/cmsis_os2.o
 *fill*         0x0000000008006e7a        0x2 
 .text.osKernelInitialize
                0x0000000008006e7c       0x68 Middlewares/Third_Party/FreeRTOS/Source/CMSIS_RTOS_V2/cmsis_os2.o
                0x0000000008006e7c                osKernelInitialize
 .text.osKernelStart
                0x0000000008006ee4       0x6c Middlewares/Third_Party/FreeRTOS/Source/CMSIS_RTOS_V2/cmsis_os2.o
                0x0000000008006ee4                osKernelStart
 .text.osThreadNew
                0x0000000008006f50      0x14c Middlewares/Third_Party/FreeRTOS/Source/CMSIS_RTOS_V2/cmsis_os2.o
                0x0000000008006f50                osThreadNew
 .text.osDelay  0x000000000800709c       0x5c Middlewares/Third_Party/FreeRTOS/Source/CMSIS_RTOS_V2/cmsis_os2.o
                0x000000000800709c                osDelay
 .text.vApplicationGetIdleTaskMemory
                0x00000000080070f8       0x34 Middlewares/Third_Party/FreeRTOS/Source/CMSIS_RTOS_V2/cmsis_os2.o
                0x00000000080070f8                vApplicationGetIdleTaskMemory
 .text.vApplicationGetTimerTaskMemory
                0x000000000800712c       0x34 Middlewares/Third_Party/FreeRTOS/Source/CMSIS_RTOS_V2/cmsis_os2.o
                0x000000000800712c                vApplicationGetTimerTaskMemory
 .text.vListInitialise
                0x0000000008007160       0x40 Middlewares/Third_Party/FreeRTOS/Source/list.o
                0x0000000008007160                vListInitialise
 .text.vListInitialiseItem
                0x00000000080071a0       0x1a Middlewares/Third_Party/FreeRTOS/Source/list.o
                0x00000000080071a0                vListInitialiseItem
 .text.vListInsertEnd
                0x00000000080071ba       0x48 Middlewares/Third_Party/FreeRTOS/Source/list.o
                0x00000000080071ba                vListInsertEnd
 .text.vListInsert
                0x0000000008007202       0x72 Middlewares/Third_Party/FreeRTOS/Source/list.o
                0x0000000008007202                vListInsert
 .text.uxListRemove
                0x0000000008007274       0x54 Middlewares/Third_Party/FreeRTOS/Source/list.o
                0x0000000008007274                uxListRemove
 .text.xQueueGenericReset
                0x00000000080072c8       0xd4 Middlewares/Third_Party/FreeRTOS/Source/queue.o
                0x00000000080072c8                xQueueGenericReset
 .text.xQueueGenericCreateStatic
                0x000000000800739c       0xfa Middlewares/Third_Party/FreeRTOS/Source/queue.o
                0x000000000800739c                xQueueGenericCreateStatic
 .text.prvInitialiseNewQueue
                0x0000000008007496       0x46 Middlewares/Third_Party/FreeRTOS/Source/queue.o
 .text.xQueueGenericSend
                0x00000000080074dc      0x204 Middlewares/Third_Party/FreeRTOS/Source/queue.o
                0x00000000080074dc                xQueueGenericSend
 .text.xQueueGenericSendFromISR
                0x00000000080076e0      0x138 Middlewares/Third_Party/FreeRTOS/Source/queue.o
                0x00000000080076e0                xQueueGenericSendFromISR
 .text.xQueueReceive
                0x0000000008007818      0x1c4 Middlewares/Third_Party/FreeRTOS/Source/queue.o
                0x0000000008007818                xQueueReceive
 .text.prvCopyDataToQueue
                0x00000000080079dc       0xd4 Middlewares/Third_Party/FreeRTOS/Source/queue.o
 .text.prvCopyDataFromQueue
                0x0000000008007ab0       0x4c Middlewares/Third_Party/FreeRTOS/Source/queue.o
 .text.prvUnlockQueue
                0x0000000008007afc       0xa4 Middlewares/Third_Party/FreeRTOS/Source/queue.o
 .text.prvIsQueueEmpty
                0x0000000008007ba0       0x2c Middlewares/Third_Party/FreeRTOS/Source/queue.o
 .text.prvIsQueueFull
                0x0000000008007bcc       0x30 Middlewares/Third_Party/FreeRTOS/Source/queue.o
 .text.vQueueAddToRegistry
                0x0000000008007bfc       0x50 Middlewares/Third_Party/FreeRTOS/Source/queue.o
                0x0000000008007bfc                vQueueAddToRegistry
 .text.vQueueWaitForMessageRestricted
                0x0000000008007c4c       0x68 Middlewares/Third_Party/FreeRTOS/Source/queue.o
                0x0000000008007c4c                vQueueWaitForMessageRestricted
 .text.xTaskCreateStatic
                0x0000000008007cb4       0xc0 Middlewares/Third_Party/FreeRTOS/Source/tasks.o
                0x0000000008007cb4                xTaskCreateStatic
 .text.xTaskCreate
                0x0000000008007d74       0x8a Middlewares/Third_Party/FreeRTOS/Source/tasks.o
                0x0000000008007d74                xTaskCreate
 .text.prvInitialiseNewTask
                0x0000000008007dfe      0x120 Middlewares/Third_Party/FreeRTOS/Source/tasks.o
 *fill*         0x0000000008007f1e        0x2 
 .text.prvAddNewTaskToReadyList
                0x0000000008007f20       0xe0 Middlewares/Third_Party/FreeRTOS/Source/tasks.o
 .text.vTaskDelete
                0x0000000008008000       0xe8 Middlewares/Third_Party/FreeRTOS/Source/tasks.o
                0x0000000008008000                vTaskDelete
 .text.vTaskDelay
                0x00000000080080e8       0x6c Middlewares/Third_Party/FreeRTOS/Source/tasks.o
                0x00000000080080e8                vTaskDelay
 .text.vTaskStartScheduler
                0x0000000008008154       0xd0 Middlewares/Third_Party/FreeRTOS/Source/tasks.o
                0x0000000008008154                vTaskStartScheduler
 .text.vTaskSuspendAll
                0x0000000008008224       0x1c Middlewares/Third_Party/FreeRTOS/Source/tasks.o
                0x0000000008008224                vTaskSuspendAll
 .text.xTaskResumeAll
                0x0000000008008240      0x13c Middlewares/Third_Party/FreeRTOS/Source/tasks.o
                0x0000000008008240                xTaskResumeAll
 .text.xTaskGetTickCount
                0x000000000800837c       0x20 Middlewares/Third_Party/FreeRTOS/Source/tasks.o
                0x000000000800837c                xTaskGetTickCount
 .text.xTaskIncrementTick
                0x000000000800839c      0x174 Middlewares/Third_Party/FreeRTOS/Source/tasks.o
                0x000000000800839c                xTaskIncrementTick
 .text.vTaskSwitchContext
                0x0000000008008510       0xbc Middlewares/Third_Party/FreeRTOS/Source/tasks.o
                0x0000000008008510                vTaskSwitchContext
 .text.vTaskPlaceOnEventList
                0x00000000080085cc       0x4c Middlewares/Third_Party/FreeRTOS/Source/tasks.o
                0x00000000080085cc                vTaskPlaceOnEventList
 .text.vTaskPlaceOnEventListRestricted
                0x0000000008008618       0x58 Middlewares/Third_Party/FreeRTOS/Source/tasks.o
                0x0000000008008618                vTaskPlaceOnEventListRestricted
 .text.xTaskRemoveFromEventList
                0x0000000008008670       0xc8 Middlewares/Third_Party/FreeRTOS/Source/tasks.o
                0x0000000008008670                xTaskRemoveFromEventList
 .text.vTaskInternalSetTimeOutState
                0x0000000008008738       0x2c Middlewares/Third_Party/FreeRTOS/Source/tasks.o
                0x0000000008008738                vTaskInternalSetTimeOutState
 .text.xTaskCheckForTimeOut
                0x0000000008008764       0xc8 Middlewares/Third_Party/FreeRTOS/Source/tasks.o
                0x0000000008008764                xTaskCheckForTimeOut
 .text.vTaskMissedYield
                0x000000000800882c       0x18 Middlewares/Third_Party/FreeRTOS/Source/tasks.o
                0x000000000800882c                vTaskMissedYield
 .text.prvIdleTask
                0x0000000008008844       0x30 Middlewares/Third_Party/FreeRTOS/Source/tasks.o
 .text.prvInitialiseTaskLists
                0x0000000008008874       0x80 Middlewares/Third_Party/FreeRTOS/Source/tasks.o
 .text.prvCheckTasksWaitingTermination
                0x00000000080088f4       0x58 Middlewares/Third_Party/FreeRTOS/Source/tasks.o
 .text.prvDeleteTCB
                0x000000000800894c       0x60 Middlewares/Third_Party/FreeRTOS/Source/tasks.o
 .text.prvResetNextTaskUnblockTime
                0x00000000080089ac       0x40 Middlewares/Third_Party/FreeRTOS/Source/tasks.o
 .text.xTaskGetSchedulerState
                0x00000000080089ec       0x3c Middlewares/Third_Party/FreeRTOS/Source/tasks.o
                0x00000000080089ec                xTaskGetSchedulerState
 .text.xTaskPriorityDisinherit
                0x0000000008008a28       0xe0 Middlewares/Third_Party/FreeRTOS/Source/tasks.o
                0x0000000008008a28                xTaskPriorityDisinherit
 .text.prvAddCurrentTaskToDelayedList
                0x0000000008008b08       0xa8 Middlewares/Third_Party/FreeRTOS/Source/tasks.o
 .text.xTimerCreateTimerTask
                0x0000000008008bb0       0x94 Middlewares/Third_Party/FreeRTOS/Source/timers.o
                0x0000000008008bb0                xTimerCreateTimerTask
 .text.xTimerGenericCommand
                0x0000000008008c44       0x9c Middlewares/Third_Party/FreeRTOS/Source/timers.o
                0x0000000008008c44                xTimerGenericCommand
 .text.prvProcessExpiredTimer
                0x0000000008008ce0       0x9c Middlewares/Third_Party/FreeRTOS/Source/timers.o
 .text.prvTimerTask
                0x0000000008008d7c       0x24 Middlewares/Third_Party/FreeRTOS/Source/timers.o
 .text.prvProcessTimerOrBlockTask
                0x0000000008008da0       0x9c Middlewares/Third_Party/FreeRTOS/Source/timers.o
 .text.prvGetNextExpireTime
                0x0000000008008e3c       0x48 Middlewares/Third_Party/FreeRTOS/Source/timers.o
 .text.prvSampleTimeNow
                0x0000000008008e84       0x40 Middlewares/Third_Party/FreeRTOS/Source/timers.o
 .text.prvInsertTimerInActiveList
                0x0000000008008ec4       0x84 Middlewares/Third_Party/FreeRTOS/Source/timers.o
 .text.prvProcessReceivedCommands
                0x0000000008008f48      0x1c4 Middlewares/Third_Party/FreeRTOS/Source/timers.o
 .text.prvSwitchTimerLists
                0x000000000800910c       0xcc Middlewares/Third_Party/FreeRTOS/Source/timers.o
 .text.prvCheckForValidListAndQueue
                0x00000000080091d8       0x80 Middlewares/Third_Party/FreeRTOS/Source/timers.o
 .text.pxPortInitialiseStack
                0x0000000008009258       0x68 Middlewares/Third_Party/FreeRTOS/Source/portable/GCC/ARM_CM7/r0p1/port.o
                0x0000000008009258                pxPortInitialiseStack
 .text.prvTaskExitError
                0x00000000080092c0       0x5c Middlewares/Third_Party/FreeRTOS/Source/portable/GCC/ARM_CM7/r0p1/port.o
 *fill*         0x000000000800931c        0x4 
 .text.SVC_Handler
                0x0000000008009320       0x28 Middlewares/Third_Party/FreeRTOS/Source/portable/GCC/ARM_CM7/r0p1/port.o
                0x0000000008009320                SVC_Handler
 .text.prvPortStartFirstTask
                0x0000000008009348       0x28 Middlewares/Third_Party/FreeRTOS/Source/portable/GCC/ARM_CM7/r0p1/port.o
 .text.xPortStartScheduler
                0x0000000008009370       0xf8 Middlewares/Third_Party/FreeRTOS/Source/portable/GCC/ARM_CM7/r0p1/port.o
                0x0000000008009370                xPortStartScheduler
 .text.vPortEnterCritical
                0x0000000008009468       0x64 Middlewares/Third_Party/FreeRTOS/Source/portable/GCC/ARM_CM7/r0p1/port.o
                0x0000000008009468                vPortEnterCritical
 .text.vPortExitCritical
                0x00000000080094cc       0x54 Middlewares/Third_Party/FreeRTOS/Source/portable/GCC/ARM_CM7/r0p1/port.o
                0x00000000080094cc                vPortExitCritical
 .text.PendSV_Handler
                0x0000000008009520       0x68 Middlewares/Third_Party/FreeRTOS/Source/portable/GCC/ARM_CM7/r0p1/port.o
                0x0000000008009520                PendSV_Handler
 .text.SysTick_Handler
                0x0000000008009588       0x44 Middlewares/Third_Party/FreeRTOS/Source/portable/GCC/ARM_CM7/r0p1/port.o
                0x0000000008009588                SysTick_Handler
 .text.vPortSetupTimerInterrupt
                0x00000000080095cc       0x48 Middlewares/Third_Party/FreeRTOS/Source/portable/GCC/ARM_CM7/r0p1/port.o
                0x00000000080095cc                vPortSetupTimerInterrupt
 .text.vPortEnableVFP
                0x0000000008009614       0x14 Middlewares/Third_Party/FreeRTOS/Source/portable/GCC/ARM_CM7/r0p1/port.o
 .text.vPortValidateInterruptPriority
                0x0000000008009628       0x84 Middlewares/Third_Party/FreeRTOS/Source/portable/GCC/ARM_CM7/r0p1/port.o
                0x0000000008009628                vPortValidateInterruptPriority
 .text.pvPortMalloc
                0x00000000080096ac      0x190 Middlewares/Third_Party/FreeRTOS/Source/portable/MemMang/heap_4.o
                0x00000000080096ac                pvPortMalloc
 .text.vPortFree
                0x000000000800983c       0xb8 Middlewares/Third_Party/FreeRTOS/Source/portable/MemMang/heap_4.o
                0x000000000800983c                vPortFree
 .text.prvHeapInit
                0x00000000080098f4       0xc4 Middlewares/Third_Party/FreeRTOS/Source/portable/MemMang/heap_4.o
 .text.prvInsertBlockIntoFreeList
                0x00000000080099b8       0xb4 Middlewares/Third_Party/FreeRTOS/Source/portable/MemMang/heap_4.o
 .text.__assert_func
                0x0000000008009a6c       0x3c c:/st/stm32cubeide_1.4.0/stm32cubeide/plugins/com.st.stm32cube.ide.mcu.externaltools.gnu-tools-for-stm32.7-2018-q2-update.win32_1.4.0.202007081208/tools/bin/../lib/gcc/arm-none-eabi/7.3.1/../../../../arm-none-eabi/lib/thumb/v7e-m/fpv5/hard\libc_nano.a(lib_a-assert.o)
                0x0000000008009a6c                __assert_func
 .text.__errno  0x0000000008009aa8        0xc c:/st/stm32cubeide_1.4.0/stm32cubeide/plugins/com.st.stm32cube.ide.mcu.externaltools.gnu-tools-for-stm32.7-2018-q2-update.win32_1.4.0.202007081208/tools/bin/../lib/gcc/arm-none-eabi/7.3.1/../../../../arm-none-eabi/lib/thumb/v7e-m/fpv5/hard\libc_nano.a(lib_a-errno.o)
                0x0000000008009aa8                __errno
 .text.fprintf  0x0000000008009ab4       0x24 c:/st/stm32cubeide_1.4.0/stm32cubeide/plugins/com.st.stm32cube.ide.mcu.externaltools.gnu-tools-for-stm32.7-2018-q2-update.win32_1.4.0.202007081208/tools/bin/../lib/gcc/arm-none-eabi/7.3.1/../../../../arm-none-eabi/lib/thumb/v7e-m/fpv5/hard\libc_nano.a(lib_a-fprintf.o)
                0x0000000008009ab4                fiprintf
                0x0000000008009ab4                fprintf
 .text.__libc_init_array
                0x0000000008009ad8       0x48 c:/st/stm32cubeide_1.4.0/stm32cubeide/plugins/com.st.stm32cube.ide.mcu.externaltools.gnu-tools-for-stm32.7-2018-q2-update.win32_1.4.0.202007081208/tools/bin/../lib/gcc/arm-none-eabi/7.3.1/../../../../arm-none-eabi/lib/thumb/v7e-m/fpv5/hard\libc_nano.a(lib_a-init.o)
                0x0000000008009ad8                __libc_init_array
 .text.malloc   0x0000000008009b20       0x10 c:/st/stm32cubeide_1.4.0/stm32cubeide/plugins/com.st.stm32cube.ide.mcu.externaltools.gnu-tools-for-stm32.7-2018-q2-update.win32_1.4.0.202007081208/tools/bin/../lib/gcc/arm-none-eabi/7.3.1/../../../../arm-none-eabi/lib/thumb/v7e-m/fpv5/hard\libc_nano.a(lib_a-malloc.o)
                0x0000000008009b20                malloc
 .text.memcpy   0x0000000008009b30       0x16 c:/st/stm32cubeide_1.4.0/stm32cubeide/plugins/com.st.stm32cube.ide.mcu.externaltools.gnu-tools-for-stm32.7-2018-q2-update.win32_1.4.0.202007081208/tools/bin/../lib/gcc/arm-none-eabi/7.3.1/../../../../arm-none-eabi/lib/thumb/v7e-m/fpv5/hard\libc_nano.a(lib_a-memcpy-stub.o)
                0x0000000008009b30                memcpy
 .text.memset   0x0000000008009b46       0x10 c:/st/stm32cubeide_1.4.0/stm32cubeide/plugins/com.st.stm32cube.ide.mcu.externaltools.gnu-tools-for-stm32.7-2018-q2-update.win32_1.4.0.202007081208/tools/bin/../lib/gcc/arm-none-eabi/7.3.1/../../../../arm-none-eabi/lib/thumb/v7e-m/fpv5/hard\libc_nano.a(lib_a-memset.o)
                0x0000000008009b46                memset
 *fill*         0x0000000008009b56        0x2 
 .text._free_r  0x0000000008009b58       0x9c c:/st/stm32cubeide_1.4.0/stm32cubeide/plugins/com.st.stm32cube.ide.mcu.externaltools.gnu-tools-for-stm32.7-2018-q2-update.win32_1.4.0.202007081208/tools/bin/../lib/gcc/arm-none-eabi/7.3.1/../../../../arm-none-eabi/lib/thumb/v7e-m/fpv5/hard\libc_nano.a(lib_a-nano-freer.o)
                0x0000000008009b58                _free_r
 .text._malloc_r
                0x0000000008009bf4       0xb4 c:/st/stm32cubeide_1.4.0/stm32cubeide/plugins/com.st.stm32cube.ide.mcu.externaltools.gnu-tools-for-stm32.7-2018-q2-update.win32_1.4.0.202007081208/tools/bin/../lib/gcc/arm-none-eabi/7.3.1/../../../../arm-none-eabi/lib/thumb/v7e-m/fpv5/hard\libc_nano.a(lib_a-nano-mallocr.o)
                0x0000000008009bf4                _malloc_r
 .text.__sfputc_r
                0x0000000008009ca8       0x2e c:/st/stm32cubeide_1.4.0/stm32cubeide/plugins/com.st.stm32cube.ide.mcu.externaltools.gnu-tools-for-stm32.7-2018-q2-update.win32_1.4.0.202007081208/tools/bin/../lib/gcc/arm-none-eabi/7.3.1/../../../../arm-none-eabi/lib/thumb/v7e-m/fpv5/hard\libc_nano.a(lib_a-nano-vfprintf.o)
 .text.__sfputs_r
                0x0000000008009cd6       0x24 c:/st/stm32cubeide_1.4.0/stm32cubeide/plugins/com.st.stm32cube.ide.mcu.externaltools.gnu-tools-for-stm32.7-2018-q2-update.win32_1.4.0.202007081208/tools/bin/../lib/gcc/arm-none-eabi/7.3.1/../../../../arm-none-eabi/lib/thumb/v7e-m/fpv5/hard\libc_nano.a(lib_a-nano-vfprintf.o)
                0x0000000008009cd6                __sfputs_r
 *fill*         0x0000000008009cfa        0x2 
 .text._vfprintf_r
                0x0000000008009cfc      0x22c c:/st/stm32cubeide_1.4.0/stm32cubeide/plugins/com.st.stm32cube.ide.mcu.externaltools.gnu-tools-for-stm32.7-2018-q2-update.win32_1.4.0.202007081208/tools/bin/../lib/gcc/arm-none-eabi/7.3.1/../../../../arm-none-eabi/lib/thumb/v7e-m/fpv5/hard\libc_nano.a(lib_a-nano-vfprintf.o)
                0x0000000008009cfc                _vfprintf_r
                0x0000000008009cfc                _vfiprintf_r
 .text.__cvt    0x0000000008009f28       0xa4 c:/st/stm32cubeide_1.4.0/stm32cubeide/plugins/com.st.stm32cube.ide.mcu.externaltools.gnu-tools-for-stm32.7-2018-q2-update.win32_1.4.0.202007081208/tools/bin/../lib/gcc/arm-none-eabi/7.3.1/../../../../arm-none-eabi/lib/thumb/v7e-m/fpv5/hard\libc_nano.a(lib_a-nano-vfprintf_float.o)
                0x0000000008009f28                __cvt
 .text.__exponent
                0x0000000008009fcc       0x66 c:/st/stm32cubeide_1.4.0/stm32cubeide/plugins/com.st.stm32cube.ide.mcu.externaltools.gnu-tools-for-stm32.7-2018-q2-update.win32_1.4.0.202007081208/tools/bin/../lib/gcc/arm-none-eabi/7.3.1/../../../../arm-none-eabi/lib/thumb/v7e-m/fpv5/hard\libc_nano.a(lib_a-nano-vfprintf_float.o)
                0x0000000008009fcc                __exponent
 *fill*         0x000000000800a032        0x6 
 .text._printf_float
                0x000000000800a038      0x458 c:/st/stm32cubeide_1.4.0/stm32cubeide/plugins/com.st.stm32cube.ide.mcu.externaltools.gnu-tools-for-stm32.7-2018-q2-update.win32_1.4.0.202007081208/tools/bin/../lib/gcc/arm-none-eabi/7.3.1/../../../../arm-none-eabi/lib/thumb/v7e-m/fpv5/hard\libc_nano.a(lib_a-nano-vfprintf_float.o)
                0x000000000800a038                _printf_float
 .text._printf_common
                0x000000000800a490       0xea c:/st/stm32cubeide_1.4.0/stm32cubeide/plugins/com.st.stm32cube.ide.mcu.externaltools.gnu-tools-for-stm32.7-2018-q2-update.win32_1.4.0.202007081208/tools/bin/../lib/gcc/arm-none-eabi/7.3.1/../../../../arm-none-eabi/lib/thumb/v7e-m/fpv5/hard\libc_nano.a(lib_a-nano-vfprintf_i.o)
                0x000000000800a490                _printf_common
 *fill*         0x000000000800a57a        0x2 
 .text._printf_i
                0x000000000800a57c      0x224 c:/st/stm32cubeide_1.4.0/stm32cubeide/plugins/com.st.stm32cube.ide.mcu.externaltools.gnu-tools-for-stm32.7-2018-q2-update.win32_1.4.0.202007081208/tools/bin/../lib/gcc/arm-none-eabi/7.3.1/../../../../arm-none-eabi/lib/thumb/v7e-m/fpv5/hard\libc_nano.a(lib_a-nano-vfprintf_i.o)
                0x000000000800a57c                _printf_i
 .text._sbrk_r  0x000000000800a7a0       0x20 c:/st/stm32cubeide_1.4.0/stm32cubeide/plugins/com.st.stm32cube.ide.mcu.externaltools.gnu-tools-for-stm32.7-2018-q2-update.win32_1.4.0.202007081208/tools/bin/../lib/gcc/arm-none-eabi/7.3.1/../../../../arm-none-eabi/lib/thumb/v7e-m/fpv5/hard\libc_nano.a(lib_a-sbrkr.o)
                0x000000000800a7a0                _sbrk_r
 .text.sprintf  0x000000000800a7c0       0x40 c:/st/stm32cubeide_1.4.0/stm32cubeide/plugins/com.st.stm32cube.ide.mcu.externaltools.gnu-tools-for-stm32.7-2018-q2-update.win32_1.4.0.202007081208/tools/bin/../lib/gcc/arm-none-eabi/7.3.1/../../../../arm-none-eabi/lib/thumb/v7e-m/fpv5/hard\libc_nano.a(lib_a-sprintf.o)
                0x000000000800a7c0                siprintf
                0x000000000800a7c0                sprintf
 .text.__swbuf_r
                0x000000000800a800       0xa4 c:/st/stm32cubeide_1.4.0/stm32cubeide/plugins/com.st.stm32cube.ide.mcu.externaltools.gnu-tools-for-stm32.7-2018-q2-update.win32_1.4.0.202007081208/tools/bin/../lib/gcc/arm-none-eabi/7.3.1/../../../../arm-none-eabi/lib/thumb/v7e-m/fpv5/hard\libc_nano.a(lib_a-wbuf.o)
                0x000000000800a800                __swbuf_r
 .text.__swsetup_r
                0x000000000800a8a4       0xdc c:/st/stm32cubeide_1.4.0/stm32cubeide/plugins/com.st.stm32cube.ide.mcu.externaltools.gnu-tools-for-stm32.7-2018-q2-update.win32_1.4.0.202007081208/tools/bin/../lib/gcc/arm-none-eabi/7.3.1/../../../../arm-none-eabi/lib/thumb/v7e-m/fpv5/hard\libc_nano.a(lib_a-wsetup.o)
                0x000000000800a8a4                __swsetup_r
 .text.abort    0x000000000800a980        0xe c:/st/stm32cubeide_1.4.0/stm32cubeide/plugins/com.st.stm32cube.ide.mcu.externaltools.gnu-tools-for-stm32.7-2018-q2-update.win32_1.4.0.202007081208/tools/bin/../lib/gcc/arm-none-eabi/7.3.1/../../../../arm-none-eabi/lib/thumb/v7e-m/fpv5/hard\libc_nano.a(lib_a-abort.o)
                0x000000000800a980                abort
 .text.quorem   0x000000000800a98e      0x118 c:/st/stm32cubeide_1.4.0/stm32cubeide/plugins/com.st.stm32cube.ide.mcu.externaltools.gnu-tools-for-stm32.7-2018-q2-update.win32_1.4.0.202007081208/tools/bin/../lib/gcc/arm-none-eabi/7.3.1/../../../../arm-none-eabi/lib/thumb/v7e-m/fpv5/hard\libc_nano.a(lib_a-dtoa.o)
 *fill*         0x000000000800aaa6        0x2 
 .text._dtoa_r  0x000000000800aaa8      0xa98 c:/st/stm32cubeide_1.4.0/stm32cubeide/plugins/com.st.stm32cube.ide.mcu.externaltools.gnu-tools-for-stm32.7-2018-q2-update.win32_1.4.0.202007081208/tools/bin/../lib/gcc/arm-none-eabi/7.3.1/../../../../arm-none-eabi/lib/thumb/v7e-m/fpv5/hard\libc_nano.a(lib_a-dtoa.o)
                0x000000000800aaa8                _dtoa_r
 .text.__sflush_r
                0x000000000800b540      0x10c c:/st/stm32cubeide_1.4.0/stm32cubeide/plugins/com.st.stm32cube.ide.mcu.externaltools.gnu-tools-for-stm32.7-2018-q2-update.win32_1.4.0.202007081208/tools/bin/../lib/gcc/arm-none-eabi/7.3.1/../../../../arm-none-eabi/lib/thumb/v7e-m/fpv5/hard\libc_nano.a(lib_a-fflush.o)
                0x000000000800b540                __sflush_r
 .text._fflush_r
                0x000000000800b64c       0x54 c:/st/stm32cubeide_1.4.0/stm32cubeide/plugins/com.st.stm32cube.ide.mcu.externaltools.gnu-tools-for-stm32.7-2018-q2-update.win32_1.4.0.202007081208/tools/bin/../lib/gcc/arm-none-eabi/7.3.1/../../../../arm-none-eabi/lib/thumb/v7e-m/fpv5/hard\libc_nano.a(lib_a-fflush.o)
                0x000000000800b64c                _fflush_r
 .text.std      0x000000000800b6a0       0x48 c:/st/stm32cubeide_1.4.0/stm32cubeide/plugins/com.st.stm32cube.ide.mcu.externaltools.gnu-tools-for-stm32.7-2018-q2-update.win32_1.4.0.202007081208/tools/bin/../lib/gcc/arm-none-eabi/7.3.1/../../../../arm-none-eabi/lib/thumb/v7e-m/fpv5/hard\libc_nano.a(lib_a-findfp.o)
 .text._cleanup_r
                0x000000000800b6e8        0xc c:/st/stm32cubeide_1.4.0/stm32cubeide/plugins/com.st.stm32cube.ide.mcu.externaltools.gnu-tools-for-stm32.7-2018-q2-update.win32_1.4.0.202007081208/tools/bin/../lib/gcc/arm-none-eabi/7.3.1/../../../../arm-none-eabi/lib/thumb/v7e-m/fpv5/hard\libc_nano.a(lib_a-findfp.o)
                0x000000000800b6e8                _cleanup_r
 .text.__sfmoreglue
                0x000000000800b6f4       0x2c c:/st/stm32cubeide_1.4.0/stm32cubeide/plugins/com.st.stm32cube.ide.mcu.externaltools.gnu-tools-for-stm32.7-2018-q2-update.win32_1.4.0.202007081208/tools/bin/../lib/gcc/arm-none-eabi/7.3.1/../../../../arm-none-eabi/lib/thumb/v7e-m/fpv5/hard\libc_nano.a(lib_a-findfp.o)
                0x000000000800b6f4                __sfmoreglue
 .text.__sinit  0x000000000800b720       0x60 c:/st/stm32cubeide_1.4.0/stm32cubeide/plugins/com.st.stm32cube.ide.mcu.externaltools.gnu-tools-for-stm32.7-2018-q2-update.win32_1.4.0.202007081208/tools/bin/../lib/gcc/arm-none-eabi/7.3.1/../../../../arm-none-eabi/lib/thumb/v7e-m/fpv5/hard\libc_nano.a(lib_a-findfp.o)
                0x000000000800b720                __sinit
 .text.__sfp    0x000000000800b780       0x78 c:/st/stm32cubeide_1.4.0/stm32cubeide/plugins/com.st.stm32cube.ide.mcu.externaltools.gnu-tools-for-stm32.7-2018-q2-update.win32_1.4.0.202007081208/tools/bin/../lib/gcc/arm-none-eabi/7.3.1/../../../../arm-none-eabi/lib/thumb/v7e-m/fpv5/hard\libc_nano.a(lib_a-findfp.o)
                0x000000000800b780                __sfp
 .text._fwalk_reent
                0x000000000800b7f8       0x3c c:/st/stm32cubeide_1.4.0/stm32cubeide/plugins/com.st.stm32cube.ide.mcu.externaltools.gnu-tools-for-stm32.7-2018-q2-update.win32_1.4.0.202007081208/tools/bin/../lib/gcc/arm-none-eabi/7.3.1/../../../../arm-none-eabi/lib/thumb/v7e-m/fpv5/hard\libc_nano.a(lib_a-fwalk.o)
                0x000000000800b7f8                _fwalk_reent
 .text._localeconv_r
                0x000000000800b834       0x1c c:/st/stm32cubeide_1.4.0/stm32cubeide/plugins/com.st.stm32cube.ide.mcu.externaltools.gnu-tools-for-stm32.7-2018-q2-update.win32_1.4.0.202007081208/tools/bin/../lib/gcc/arm-none-eabi/7.3.1/../../../../arm-none-eabi/lib/thumb/v7e-m/fpv5/hard\libc_nano.a(lib_a-localeconv.o)
                0x000000000800b834                _localeconv_r
 .text.__swhatbuf_r
                0x000000000800b850       0x48 c:/st/stm32cubeide_1.4.0/stm32cubeide/plugins/com.st.stm32cube.ide.mcu.externaltools.gnu-tools-for-stm32.7-2018-q2-update.win32_1.4.0.202007081208/tools/bin/../lib/gcc/arm-none-eabi/7.3.1/../../../../arm-none-eabi/lib/thumb/v7e-m/fpv5/hard\libc_nano.a(lib_a-makebuf.o)
                0x000000000800b850                __swhatbuf_r
 .text.__smakebuf_r
                0x000000000800b898       0x80 c:/st/stm32cubeide_1.4.0/stm32cubeide/plugins/com.st.stm32cube.ide.mcu.externaltools.gnu-tools-for-stm32.7-2018-q2-update.win32_1.4.0.202007081208/tools/bin/../lib/gcc/arm-none-eabi/7.3.1/../../../../arm-none-eabi/lib/thumb/v7e-m/fpv5/hard\libc_nano.a(lib_a-makebuf.o)
                0x000000000800b898                __smakebuf_r
 .text.memmove  0x000000000800b918       0x32 c:/st/stm32cubeide_1.4.0/stm32cubeide/plugins/com.st.stm32cube.ide.mcu.externaltools.gnu-tools-for-stm32.7-2018-q2-update.win32_1.4.0.202007081208/tools/bin/../lib/gcc/arm-none-eabi/7.3.1/../../../../arm-none-eabi/lib/thumb/v7e-m/fpv5/hard\libc_nano.a(lib_a-memmove.o)
                0x000000000800b918                memmove
 .text.__malloc_lock
                0x000000000800b94a        0x2 c:/st/stm32cubeide_1.4.0/stm32cubeide/plugins/com.st.stm32cube.ide.mcu.externaltools.gnu-tools-for-stm32.7-2018-q2-update.win32_1.4.0.202007081208/tools/bin/../lib/gcc/arm-none-eabi/7.3.1/../../../../arm-none-eabi/lib/thumb/v7e-m/fpv5/hard\libc_nano.a(lib_a-mlock.o)
                0x000000000800b94a                __malloc_lock
 .text.__malloc_unlock
                0x000000000800b94c        0x2 c:/st/stm32cubeide_1.4.0/stm32cubeide/plugins/com.st.stm32cube.ide.mcu.externaltools.gnu-tools-for-stm32.7-2018-q2-update.win32_1.4.0.202007081208/tools/bin/../lib/gcc/arm-none-eabi/7.3.1/../../../../arm-none-eabi/lib/thumb/v7e-m/fpv5/hard\libc_nano.a(lib_a-mlock.o)
                0x000000000800b94c                __malloc_unlock
 .text._Balloc  0x000000000800b94e       0x68 c:/st/stm32cubeide_1.4.0/stm32cubeide/plugins/com.st.stm32cube.ide.mcu.externaltools.gnu-tools-for-stm32.7-2018-q2-update.win32_1.4.0.202007081208/tools/bin/../lib/gcc/arm-none-eabi/7.3.1/../../../../arm-none-eabi/lib/thumb/v7e-m/fpv5/hard\libc_nano.a(lib_a-mprec.o)
                0x000000000800b94e                _Balloc
 .text._Bfree   0x000000000800b9b6       0x2e c:/st/stm32cubeide_1.4.0/stm32cubeide/plugins/com.st.stm32cube.ide.mcu.externaltools.gnu-tools-for-stm32.7-2018-q2-update.win32_1.4.0.202007081208/tools/bin/../lib/gcc/arm-none-eabi/7.3.1/../../../../arm-none-eabi/lib/thumb/v7e-m/fpv5/hard\libc_nano.a(lib_a-mprec.o)
                0x000000000800b9b6                _Bfree
 .text.__multadd
                0x000000000800b9e4       0x76 c:/st/stm32cubeide_1.4.0/stm32cubeide/plugins/com.st.stm32cube.ide.mcu.externaltools.gnu-tools-for-stm32.7-2018-q2-update.win32_1.4.0.202007081208/tools/bin/../lib/gcc/arm-none-eabi/7.3.1/../../../../arm-none-eabi/lib/thumb/v7e-m/fpv5/hard\libc_nano.a(lib_a-mprec.o)
                0x000000000800b9e4                __multadd
 .text.__hi0bits
                0x000000000800ba5a       0x3e c:/st/stm32cubeide_1.4.0/stm32cubeide/plugins/com.st.stm32cube.ide.mcu.externaltools.gnu-tools-for-stm32.7-2018-q2-update.win32_1.4.0.202007081208/tools/bin/../lib/gcc/arm-none-eabi/7.3.1/../../../../arm-none-eabi/lib/thumb/v7e-m/fpv5/hard\libc_nano.a(lib_a-mprec.o)
                0x000000000800ba5a                __hi0bits
 .text.__lo0bits
                0x000000000800ba98       0x5e c:/st/stm32cubeide_1.4.0/stm32cubeide/plugins/com.st.stm32cube.ide.mcu.externaltools.gnu-tools-for-stm32.7-2018-q2-update.win32_1.4.0.202007081208/tools/bin/../lib/gcc/arm-none-eabi/7.3.1/../../../../arm-none-eabi/lib/thumb/v7e-m/fpv5/hard\libc_nano.a(lib_a-mprec.o)
                0x000000000800ba98                __lo0bits
 .text.__i2b    0x000000000800baf6       0x12 c:/st/stm32cubeide_1.4.0/stm32cubeide/plugins/com.st.stm32cube.ide.mcu.externaltools.gnu-tools-for-stm32.7-2018-q2-update.win32_1.4.0.202007081208/tools/bin/../lib/gcc/arm-none-eabi/7.3.1/../../../../arm-none-eabi/lib/thumb/v7e-m/fpv5/hard\libc_nano.a(lib_a-mprec.o)
                0x000000000800baf6                __i2b
 .text.__multiply
                0x000000000800bb08      0x12c c:/st/stm32cubeide_1.4.0/stm32cubeide/plugins/com.st.stm32cube.ide.mcu.externaltools.gnu-tools-for-stm32.7-2018-q2-update.win32_1.4.0.202007081208/tools/bin/../lib/gcc/arm-none-eabi/7.3.1/../../../../arm-none-eabi/lib/thumb/v7e-m/fpv5/hard\libc_nano.a(lib_a-mprec.o)
                0x000000000800bb08                __multiply
 .text.__pow5mult
                0x000000000800bc34       0x9c c:/st/stm32cubeide_1.4.0/stm32cubeide/plugins/com.st.stm32cube.ide.mcu.externaltools.gnu-tools-for-stm32.7-2018-q2-update.win32_1.4.0.202007081208/tools/bin/../lib/gcc/arm-none-eabi/7.3.1/../../../../arm-none-eabi/lib/thumb/v7e-m/fpv5/hard\libc_nano.a(lib_a-mprec.o)
                0x000000000800bc34                __pow5mult
 .text.__lshift
                0x000000000800bcd0       0xa8 c:/st/stm32cubeide_1.4.0/stm32cubeide/plugins/com.st.stm32cube.ide.mcu.externaltools.gnu-tools-for-stm32.7-2018-q2-update.win32_1.4.0.202007081208/tools/bin/../lib/gcc/arm-none-eabi/7.3.1/../../../../arm-none-eabi/lib/thumb/v7e-m/fpv5/hard\libc_nano.a(lib_a-mprec.o)
                0x000000000800bcd0                __lshift
 .text.__mcmp   0x000000000800bd78       0x34 c:/st/stm32cubeide_1.4.0/stm32cubeide/plugins/com.st.stm32cube.ide.mcu.externaltools.gnu-tools-for-stm32.7-2018-q2-update.win32_1.4.0.202007081208/tools/bin/../lib/gcc/arm-none-eabi/7.3.1/../../../../arm-none-eabi/lib/thumb/v7e-m/fpv5/hard\libc_nano.a(lib_a-mprec.o)
                0x000000000800bd78                __mcmp
 .text.__mdiff  0x000000000800bdac       0xba c:/st/stm32cubeide_1.4.0/stm32cubeide/plugins/com.st.stm32cube.ide.mcu.externaltools.gnu-tools-for-stm32.7-2018-q2-update.win32_1.4.0.202007081208/tools/bin/../lib/gcc/arm-none-eabi/7.3.1/../../../../arm-none-eabi/lib/thumb/v7e-m/fpv5/hard\libc_nano.a(lib_a-mprec.o)
                0x000000000800bdac                __mdiff
 .text.__d2b    0x000000000800be66       0x9e c:/st/stm32cubeide_1.4.0/stm32cubeide/plugins/com.st.stm32cube.ide.mcu.externaltools.gnu-tools-for-stm32.7-2018-q2-update.win32_1.4.0.202007081208/tools/bin/../lib/gcc/arm-none-eabi/7.3.1/../../../../arm-none-eabi/lib/thumb/v7e-m/fpv5/hard\libc_nano.a(lib_a-mprec.o)
                0x000000000800be66                __d2b
 .text._calloc_r
                0x000000000800bf04       0x1c c:/st/stm32cubeide_1.4.0/stm32cubeide/plugins/com.st.stm32cube.ide.mcu.externaltools.gnu-tools-for-stm32.7-2018-q2-update.win32_1.4.0.202007081208/tools/bin/../lib/gcc/arm-none-eabi/7.3.1/../../../../arm-none-eabi/lib/thumb/v7e-m/fpv5/hard\libc_nano.a(lib_a-nano-callocr.o)
                0x000000000800bf04                _calloc_r
 .text._realloc_r
                0x000000000800bf20       0x4c c:/st/stm32cubeide_1.4.0/stm32cubeide/plugins/com.st.stm32cube.ide.mcu.externaltools.gnu-tools-for-stm32.7-2018-q2-update.win32_1.4.0.202007081208/tools/bin/../lib/gcc/arm-none-eabi/7.3.1/../../../../arm-none-eabi/lib/thumb/v7e-m/fpv5/hard\libc_nano.a(lib_a-nano-reallocr.o)
                0x000000000800bf20                _realloc_r
 .text.__ssputs_r
                0x000000000800bf6c       0xb4 c:/st/stm32cubeide_1.4.0/stm32cubeide/plugins/com.st.stm32cube.ide.mcu.externaltools.gnu-tools-for-stm32.7-2018-q2-update.win32_1.4.0.202007081208/tools/bin/../lib/gcc/arm-none-eabi/7.3.1/../../../../arm-none-eabi/lib/thumb/v7e-m/fpv5/hard\libc_nano.a(lib_a-nano-svfprintf.o)
                0x000000000800bf6c                __ssputs_r
 .text._svfprintf_r
                0x000000000800c020      0x1f0 c:/st/stm32cubeide_1.4.0/stm32cubeide/plugins/com.st.stm32cube.ide.mcu.externaltools.gnu-tools-for-stm32.7-2018-q2-update.win32_1.4.0.202007081208/tools/bin/../lib/gcc/arm-none-eabi/7.3.1/../../../../arm-none-eabi/lib/thumb/v7e-m/fpv5/hard\libc_nano.a(lib_a-nano-svfprintf.o)
                0x000000000800c020                _svfiprintf_r
                0x000000000800c020                _svfprintf_r
 .text._raise_r
                0x000000000800c210       0x50 c:/st/stm32cubeide_1.4.0/stm32cubeide/plugins/com.st.stm32cube.ide.mcu.externaltools.gnu-tools-for-stm32.7-2018-q2-update.win32_1.4.0.202007081208/tools/bin/../lib/gcc/arm-none-eabi/7.3.1/../../../../arm-none-eabi/lib/thumb/v7e-m/fpv5/hard\libc_nano.a(lib_a-signal.o)
                0x000000000800c210                _raise_r
 .text.raise    0x000000000800c260       0x10 c:/st/stm32cubeide_1.4.0/stm32cubeide/plugins/com.st.stm32cube.ide.mcu.externaltools.gnu-tools-for-stm32.7-2018-q2-update.win32_1.4.0.202007081208/tools/bin/../lib/gcc/arm-none-eabi/7.3.1/../../../../arm-none-eabi/lib/thumb/v7e-m/fpv5/hard\libc_nano.a(lib_a-signal.o)
                0x000000000800c260                raise
 .text._kill_r  0x000000000800c270       0x24 c:/st/stm32cubeide_1.4.0/stm32cubeide/plugins/com.st.stm32cube.ide.mcu.externaltools.gnu-tools-for-stm32.7-2018-q2-update.win32_1.4.0.202007081208/tools/bin/../lib/gcc/arm-none-eabi/7.3.1/../../../../arm-none-eabi/lib/thumb/v7e-m/fpv5/hard\libc_nano.a(lib_a-signalr.o)
                0x000000000800c270                _kill_r
 .text._getpid_r
                0x000000000800c294        0x4 c:/st/stm32cubeide_1.4.0/stm32cubeide/plugins/com.st.stm32cube.ide.mcu.externaltools.gnu-tools-for-stm32.7-2018-q2-update.win32_1.4.0.202007081208/tools/bin/../lib/gcc/arm-none-eabi/7.3.1/../../../../arm-none-eabi/lib/thumb/v7e-m/fpv5/hard\libc_nano.a(lib_a-signalr.o)
                0x000000000800c294                _getpid_r
 .text.__sread  0x000000000800c298       0x22 c:/st/stm32cubeide_1.4.0/stm32cubeide/plugins/com.st.stm32cube.ide.mcu.externaltools.gnu-tools-for-stm32.7-2018-q2-update.win32_1.4.0.202007081208/tools/bin/../lib/gcc/arm-none-eabi/7.3.1/../../../../arm-none-eabi/lib/thumb/v7e-m/fpv5/hard\libc_nano.a(lib_a-stdio.o)
                0x000000000800c298                __sread
 .text.__swrite
                0x000000000800c2ba       0x38 c:/st/stm32cubeide_1.4.0/stm32cubeide/plugins/com.st.stm32cube.ide.mcu.externaltools.gnu-tools-for-stm32.7-2018-q2-update.win32_1.4.0.202007081208/tools/bin/../lib/gcc/arm-none-eabi/7.3.1/../../../../arm-none-eabi/lib/thumb/v7e-m/fpv5/hard\libc_nano.a(lib_a-stdio.o)
                0x000000000800c2ba                __swrite
 .text.__sseek  0x000000000800c2f2       0x24 c:/st/stm32cubeide_1.4.0/stm32cubeide/plugins/com.st.stm32cube.ide.mcu.externaltools.gnu-tools-for-stm32.7-2018-q2-update.win32_1.4.0.202007081208/tools/bin/../lib/gcc/arm-none-eabi/7.3.1/../../../../arm-none-eabi/lib/thumb/v7e-m/fpv5/hard\libc_nano.a(lib_a-stdio.o)
                0x000000000800c2f2                __sseek
 .text.__sclose
                0x000000000800c316        0x8 c:/st/stm32cubeide_1.4.0/stm32cubeide/plugins/com.st.stm32cube.ide.mcu.externaltools.gnu-tools-for-stm32.7-2018-q2-update.win32_1.4.0.202007081208/tools/bin/../lib/gcc/arm-none-eabi/7.3.1/../../../../arm-none-eabi/lib/thumb/v7e-m/fpv5/hard\libc_nano.a(lib_a-stdio.o)
                0x000000000800c316                __sclose
 *fill*         0x000000000800c31e        0x2 
 .text._write_r
                0x000000000800c320       0x24 c:/st/stm32cubeide_1.4.0/stm32cubeide/plugins/com.st.stm32cube.ide.mcu.externaltools.gnu-tools-for-stm32.7-2018-q2-update.win32_1.4.0.202007081208/tools/bin/../lib/gcc/arm-none-eabi/7.3.1/../../../../arm-none-eabi/lib/thumb/v7e-m/fpv5/hard\libc_nano.a(lib_a-writer.o)
                0x000000000800c320                _write_r
 .text._close_r
                0x000000000800c344       0x20 c:/st/stm32cubeide_1.4.0/stm32cubeide/plugins/com.st.stm32cube.ide.mcu.externaltools.gnu-tools-for-stm32.7-2018-q2-update.win32_1.4.0.202007081208/tools/bin/../lib/gcc/arm-none-eabi/7.3.1/../../../../arm-none-eabi/lib/thumb/v7e-m/fpv5/hard\libc_nano.a(lib_a-closer.o)
                0x000000000800c344                _close_r
 .text._fstat_r
                0x000000000800c364       0x24 c:/st/stm32cubeide_1.4.0/stm32cubeide/plugins/com.st.stm32cube.ide.mcu.externaltools.gnu-tools-for-stm32.7-2018-q2-update.win32_1.4.0.202007081208/tools/bin/../lib/gcc/arm-none-eabi/7.3.1/../../../../arm-none-eabi/lib/thumb/v7e-m/fpv5/hard\libc_nano.a(lib_a-fstatr.o)
                0x000000000800c364                _fstat_r
 .text._isatty_r
                0x000000000800c388       0x20 c:/st/stm32cubeide_1.4.0/stm32cubeide/plugins/com.st.stm32cube.ide.mcu.externaltools.gnu-tools-for-stm32.7-2018-q2-update.win32_1.4.0.202007081208/tools/bin/../lib/gcc/arm-none-eabi/7.3.1/../../../../arm-none-eabi/lib/thumb/v7e-m/fpv5/hard\libc_nano.a(lib_a-isattyr.o)
                0x000000000800c388                _isatty_r
 .text._lseek_r
                0x000000000800c3a8       0x24 c:/st/stm32cubeide_1.4.0/stm32cubeide/plugins/com.st.stm32cube.ide.mcu.externaltools.gnu-tools-for-stm32.7-2018-q2-update.win32_1.4.0.202007081208/tools/bin/../lib/gcc/arm-none-eabi/7.3.1/../../../../arm-none-eabi/lib/thumb/v7e-m/fpv5/hard\libc_nano.a(lib_a-lseekr.o)
                0x000000000800c3a8                _lseek_r
 .text.__ascii_mbtowc
                0x000000000800c3cc       0x24 c:/st/stm32cubeide_1.4.0/stm32cubeide/plugins/com.st.stm32cube.ide.mcu.externaltools.gnu-tools-for-stm32.7-2018-q2-update.win32_1.4.0.202007081208/tools/bin/../lib/gcc/arm-none-eabi/7.3.1/../../../../arm-none-eabi/lib/thumb/v7e-m/fpv5/hard\libc_nano.a(lib_a-mbtowc_r.o)
                0x000000000800c3cc                __ascii_mbtowc
 .text._malloc_usable_size_r
                0x000000000800c3f0       0x10 c:/st/stm32cubeide_1.4.0/stm32cubeide/plugins/com.st.stm32cube.ide.mcu.externaltools.gnu-tools-for-stm32.7-2018-q2-update.win32_1.4.0.202007081208/tools/bin/../lib/gcc/arm-none-eabi/7.3.1/../../../../arm-none-eabi/lib/thumb/v7e-m/fpv5/hard\libc_nano.a(lib_a-nano-msizer.o)
                0x000000000800c3f0                _malloc_usable_size_r
 .text._read_r  0x000000000800c400       0x24 c:/st/stm32cubeide_1.4.0/stm32cubeide/plugins/com.st.stm32cube.ide.mcu.externaltools.gnu-tools-for-stm32.7-2018-q2-update.win32_1.4.0.202007081208/tools/bin/../lib/gcc/arm-none-eabi/7.3.1/../../../../arm-none-eabi/lib/thumb/v7e-m/fpv5/hard\libc_nano.a(lib_a-readr.o)
                0x000000000800c400                _read_r
 .text.__ascii_wctomb
                0x000000000800c424       0x1a c:/st/stm32cubeide_1.4.0/stm32cubeide/plugins/com.st.stm32cube.ide.mcu.externaltools.gnu-tools-for-stm32.7-2018-q2-update.win32_1.4.0.202007081208/tools/bin/../lib/gcc/arm-none-eabi/7.3.1/../../../../arm-none-eabi/lib/thumb/v7e-m/fpv5/hard\libc_nano.a(lib_a-wctomb_r.o)
                0x000000000800c424                __ascii_wctomb
 *(.glue_7)
 .glue_7        0x000000000800c43e        0x0 linker stubs
 *(.glue_7t)
 .glue_7t       0x000000000800c43e        0x0 linker stubs
 *(.eh_frame)
 *fill*         0x000000000800c43e        0x2 
 .eh_frame      0x000000000800c440        0x0 c:/st/stm32cubeide_1.4.0/stm32cubeide/plugins/com.st.stm32cube.ide.mcu.externaltools.gnu-tools-for-stm32.7-2018-q2-update.win32_1.4.0.202007081208/tools/bin/../lib/gcc/arm-none-eabi/7.3.1/thumb/v7e-m/fpv5/hard/crtbegin.o
 *(.init)
 .init          0x000000000800c440        0x4 c:/st/stm32cubeide_1.4.0/stm32cubeide/plugins/com.st.stm32cube.ide.mcu.externaltools.gnu-tools-for-stm32.7-2018-q2-update.win32_1.4.0.202007081208/tools/bin/../lib/gcc/arm-none-eabi/7.3.1/thumb/v7e-m/fpv5/hard/crti.o
                0x000000000800c440                _init
 .init          0x000000000800c444        0x8 c:/st/stm32cubeide_1.4.0/stm32cubeide/plugins/com.st.stm32cube.ide.mcu.externaltools.gnu-tools-for-stm32.7-2018-q2-update.win32_1.4.0.202007081208/tools/bin/../lib/gcc/arm-none-eabi/7.3.1/thumb/v7e-m/fpv5/hard/crtn.o
 *(.fini)
 .fini          0x000000000800c44c        0x4 c:/st/stm32cubeide_1.4.0/stm32cubeide/plugins/com.st.stm32cube.ide.mcu.externaltools.gnu-tools-for-stm32.7-2018-q2-update.win32_1.4.0.202007081208/tools/bin/../lib/gcc/arm-none-eabi/7.3.1/thumb/v7e-m/fpv5/hard/crti.o
                0x000000000800c44c                _fini
 .fini          0x000000000800c450        0x8 c:/st/stm32cubeide_1.4.0/stm32cubeide/plugins/com.st.stm32cube.ide.mcu.externaltools.gnu-tools-for-stm32.7-2018-q2-update.win32_1.4.0.202007081208/tools/bin/../lib/gcc/arm-none-eabi/7.3.1/thumb/v7e-m/fpv5/hard/crtn.o
                0x000000000800c458                . = ALIGN (0x4)
                0x000000000800c458                _etext = .

.vfp11_veneer   0x000000000800c458        0x0
 .vfp11_veneer  0x000000000800c458        0x0 linker stubs

.v4_bx          0x000000000800c458        0x0
 .v4_bx         0x000000000800c458        0x0 linker stubs

.iplt           0x000000000800c458        0x0
 .iplt          0x000000000800c458        0x0 c:/st/stm32cubeide_1.4.0/stm32cubeide/plugins/com.st.stm32cube.ide.mcu.externaltools.gnu-tools-for-stm32.7-2018-q2-update.win32_1.4.0.202007081208/tools/bin/../lib/gcc/arm-none-eabi/7.3.1/thumb/v7e-m/fpv5/hard/crtbegin.o

.rodata         0x000000000800c458      0x620
                0x000000000800c458                . = ALIGN (0x4)
 *(.rodata)
 .rodata        0x000000000800c458      0x11b Core/Src/freertos.o
 *fill*         0x000000000800c573        0x1 
 .rodata        0x000000000800c574        0xf Core/Src/u_lcd_helper.o
 *fill*         0x000000000800c583        0x1 
 .rodata        0x000000000800c584       0x5c Core/Src/u_list.o
 .rodata        0x000000000800c5e0        0x5 Middlewares/Third_Party/FreeRTOS/Source/tasks.o
 *fill*         0x000000000800c5e5        0x3 
 .rodata        0x000000000800c5e8        0xd Middlewares/Third_Party/FreeRTOS/Source/timers.o
 *(.rodata*)